#
# There is insufficient memory for the Java Runtime Environment to continue.
# Native memory allocation (malloc) failed to allocate 486096 bytes for Chunk::new
# Possible reasons:
#   The system is out of physical RAM or swap space
#   The process is running with CompressedOops enabled, and the Java Heap may be blocking the growth of the native heap
# Possible solutions:
#   Reduce memory load on the system
#   Increase physical memory or swap space
#   Check if swap backing store is full
#   Decrease Java heap size (-Xmx/-Xms)
#   Decrease number of Java threads
#   Decrease Java thread stack sizes (-Xss)
#   Set larger code cache with -XX:ReservedCodeCacheSize=
#   JVM is running with Unscaled Compressed Oops mode in which the Java heap is
#     placed in the first 4GB address space. The Java Heap base address is the
#     maximum limit for the native heap growth. Please use -XX:HeapBaseMinAddress
#     to set the Java Heap base and to place the Java Heap above 4GB virtual address.
# This output file may be truncated or incomplete.
#
#  Out of Memory Error (arena.cpp:191), pid=23676, tid=29948
#
# JRE version: OpenJDK Runtime Environment Temurin-17.0.10+7 (17.0.10+7) (build 17.0.10+7)
# Java VM: OpenJDK 64-Bit Server VM Temurin-17.0.10+7 (17.0.10+7, mixed mode, tiered, compressed oops, compressed class ptrs, g1 gc, windows-amd64)
# Core dump will be written. Default location: C:\Users\Administrator\git\repository\SmartPolicy-BrokerPortal\hs_err_pid23676.mdmp
#

---------------  S U M M A R Y ------------

Command Line: -ea -Dfile.encoding=UTF-8 -Dstdout.encoding=UTF-8 -Dstderr.encoding=UTF-8 -XX:+ShowCodeDetailsInExceptionMessages org.testng.remote.RemoteTestNG -serport 51048 -protocol json -d C:\Users\Administrator\git\repository\SmartPolicy-BrokerPortal\test-output C:\Users\ADMINI~1\AppData\Local\Temp\2\testng-eclipse-1375968472\testng-customsuite.xml

Host: Intel(R) Xeon(R) Silver 4110 CPU @ 2.10GHz, 4 cores, 7G,  Windows Server 2019 , 64 bit Build 17763 (10.0.17763.4974)
Time: Thu Feb 26 18:47:44 2026 E. Africa Standard Time elapsed time: 3913.657792 seconds (0d 1h 5m 13s)

---------------  T H R E A D  ---------------

Current thread (0x0000017ee424a5c0):  JavaThread "C2 CompilerThread0" daemon [_thread_in_native, id=29948, stack(0x0000001c6f400000,0x0000001c6f500000)]


Current CompileTask:
C2:3913657 8291       4       java.io.WinNTFileSystem::normalize (224 bytes)

Stack: [0x0000001c6f400000,0x0000001c6f500000]
Native frames: (J=compiled Java code, j=interpreted, Vv=VM code, C=native code)
V  [jvm.dll+0x67d2c9]
V  [jvm.dll+0x834afa]
V  [jvm.dll+0x8365be]
V  [jvm.dll+0x836c23]
V  [jvm.dll+0x2477ff]
V  [jvm.dll+0xac514]
V  [jvm.dll+0xacb5c]
V  [jvm.dll+0x366782]
V  [jvm.dll+0x330bfa]
V  [jvm.dll+0x33009a]
V  [jvm.dll+0x219ef1]
V  [jvm.dll+0x219311]
V  [jvm.dll+0x1a502d]
V  [jvm.dll+0x2290de]
V  [jvm.dll+0x2272ac]
V  [jvm.dll+0x7e9bb7]
V  [jvm.dll+0x7e3fba]
V  [jvm.dll+0x67c1b5]
C  [ucrtbase.dll+0x2268a]
C  [KERNEL32.DLL+0x17ac4]
C  [ntdll.dll+0x5a4e1]


---------------  P R O C E S S  ---------------

Threads class SMR info:
_java_thread_list=0x0000017ee43ff5f0, length=91, elements={
0x0000017ecabd6480, 0x0000017ee41f8c70, 0x0000017ee41fe1f0, 0x0000017ee420c820,
0x0000017ee420d0f0, 0x0000017ee4243be0, 0x0000017ee4245070, 0x0000017ee424a5c0,
0x0000017ee424aed0, 0x0000017ee424f3c0, 0x0000017ee44ee410, 0x0000017ee44febc0,
0x0000017ee9766030, 0x0000017eea440bb0, 0x0000017eead50040, 0x0000017eebaaf080,
0x0000017eebab1900, 0x0000017eebab0ee0, 0x0000017eebab13f0, 0x0000017eebaafaa0,
0x0000017eebaaffb0, 0x0000017eebaaf590, 0x0000017eebab1e10, 0x0000017eeb1a0420,
0x0000017eeb19dba0, 0x0000017ee9f8e400, 0x0000017ee9f8d4d0, 0x0000017ee9f8d9e0,
0x0000017ee9f8f330, 0x0000017ee9f8a230, 0x0000017ee9f8a740, 0x0000017ee9f8ac50,
0x0000017eeb1a0930, 0x0000017eeb19ff10, 0x0000017eeb19fa00, 0x0000017eeb1a0e40,
0x0000017ee9f8def0, 0x0000017ee9f8fd50, 0x0000017ee9f8cfc0, 0x0000017ee9f91190,
0x0000017ee9f8c090, 0x0000017eebab09d0, 0x0000017ee9f8c5a0, 0x0000017ee9f8cab0,
0x0000017ee9f90260, 0x0000017ee9f916a0, 0x0000017eeb1a1350, 0x0000017eeb19e5c0,
0x0000017eea9f78e0, 0x0000017eea9fc4d0, 0x0000017eea9f5f90, 0x0000017eea9fa160,
0x0000017eea9f8d20, 0x0000017eea9f69b0, 0x0000017eea9f6ec0, 0x0000017eea9f5060,
0x0000017eea9fc9e0, 0x0000017eea9f8810, 0x0000017ee9f89d20, 0x0000017ee9f8e910,
0x0000017eea9f5a80, 0x0000017eea9fa670, 0x0000017eea9f7df0, 0x0000017eea9fb090,
0x0000017eea9fb5a0, 0x0000017eeb19ead0, 0x0000017eea9f9230, 0x0000017eea9f73d0,
0x0000017eea9fab80, 0x0000017ee9f8f840, 0x0000017eebab04c0, 0x0000017eea9f5570,
0x0000017eea9fbfc0, 0x0000017eea9f8300, 0x0000017eea9fbab0, 0x0000017ee9f8b160,
0x0000017ee42e2d50, 0x0000017ee42e2840, 0x0000017ee42dffc0, 0x0000017ee42de670,
0x0000017ee42de160, 0x0000017ee42e04d0, 0x0000017ee42e0ef0, 0x0000017ee42df090,
0x0000017ee42dd740, 0x0000017ee42e09e0, 0x0000017ee42e1400, 0x0000017ee42ddc50,
0x0000017ee42df5a0, 0x0000017ee42deb80, 0x0000017ee42dc810
}

Java Threads: ( => current thread )
  0x0000017ecabd6480 JavaThread "main" [_thread_blocked, id=15900, stack(0x0000001c6e600000,0x0000001c6e700000)]
  0x0000017ee41f8c70 JavaThread "Reference Handler" daemon [_thread_blocked, id=21192, stack(0x0000001c6ed00000,0x0000001c6ee00000)]
  0x0000017ee41fe1f0 JavaThread "Finalizer" daemon [_thread_blocked, id=23604, stack(0x0000001c6ee00000,0x0000001c6ef00000)]
  0x0000017ee420c820 JavaThread "Signal Dispatcher" daemon [_thread_blocked, id=9312, stack(0x0000001c6f000000,0x0000001c6f100000)]
  0x0000017ee420d0f0 JavaThread "Attach Listener" daemon [_thread_blocked, id=10772, stack(0x0000001c6f100000,0x0000001c6f200000)]
  0x0000017ee4243be0 JavaThread "Service Thread" daemon [_thread_blocked, id=23736, stack(0x0000001c6f200000,0x0000001c6f300000)]
  0x0000017ee4245070 JavaThread "Monitor Deflation Thread" daemon [_thread_blocked, id=16084, stack(0x0000001c6f300000,0x0000001c6f400000)]
=>0x0000017ee424a5c0 JavaThread "C2 CompilerThread0" daemon [_thread_in_native, id=29948, stack(0x0000001c6f400000,0x0000001c6f500000)]
  0x0000017ee424aed0 JavaThread "C1 CompilerThread0" daemon [_thread_in_native, id=28356, stack(0x0000001c6f500000,0x0000001c6f600000)]
  0x0000017ee424f3c0 JavaThread "Sweeper thread" daemon [_thread_blocked, id=26316, stack(0x0000001c6f600000,0x0000001c6f700000)]
  0x0000017ee44ee410 JavaThread "Notification Thread" daemon [_thread_blocked, id=25552, stack(0x0000001c6f700000,0x0000001c6f800000)]
  0x0000017ee44febc0 JavaThread "Common-Cleaner" daemon [_thread_blocked, id=31784, stack(0x0000001c6f900000,0x0000001c6fa00000)]
  0x0000017ee9766030 JavaThread "ReaderThread" [_thread_in_native, id=16500, stack(0x0000001c6ff00000,0x0000001c70000000)]
  0x0000017eea440bb0 JavaThread "TestNG-PoolService-1" [_thread_in_native, id=19592, stack(0x0000001c70000000,0x0000001c70100000)]
  0x0000017eead50040 JavaThread "Forwarding maximizeCurrentWindow on session e037de31eb0101294c33dbae388c5afe to remote" [_thread_blocked, id=30044, stack(0x0000001c70100000,0x0000001c70200000)]
  0x0000017eebaaf080 JavaThread "HttpClient-2-SelectorManager" daemon [_thread_in_native, id=32612, stack(0x0000001c70300000,0x0000001c70400000)]
  0x0000017eebab1900 JavaThread "HttpClient-1-SelectorManager" daemon [_thread_in_native, id=28972, stack(0x0000001c70400000,0x0000001c70500000)]
  0x0000017eebab0ee0 JavaThread "External Process Output Forwarder - C:\Users\Administrator\.cache\selenium\chromedriver\win64\141.0.7390.122\chromedriver.exe" daemon [_thread_in_native, id=19148, stack(0x0000001c70500000,0x0000001c70600000)]
  0x0000017eebab13f0 JavaThread "Driver Service Executor" daemon [_thread_blocked, id=8324, stack(0x0000001c70600000,0x0000001c70700000)]
  0x0000017eebaafaa0 JavaThread "Driver Service Executor" daemon [_thread_blocked, id=20856, stack(0x0000001c70700000,0x0000001c70800000)]
  0x0000017eebaaffb0 JavaThread "External Process Output Forwarder - C:\Users\Administrator\.cache\selenium\chromedriver\win64\141.0.7390.122\chromedriver.exe" daemon [_thread_in_native, id=30420, stack(0x0000001c70800000,0x0000001c70900000)]
  0x0000017eebaaf590 JavaThread "Driver Service Executor" daemon [_thread_blocked, id=34156, stack(0x0000001c70900000,0x0000001c70a00000)]
  0x0000017eebab1e10 JavaThread "Driver Service Executor" daemon [_thread_blocked, id=28260, stack(0x0000001c70a00000,0x0000001c70b00000)]
  0x0000017eeb1a0420 JavaThread "HttpClient-3-SelectorManager" daemon [_thread_in_native, id=30100, stack(0x0000001c70f00000,0x0000001c71000000)]
  0x0000017eeb19dba0 JavaThread "HttpClient-4-SelectorManager" daemon [_thread_in_native, id=14700, stack(0x0000001c71500000,0x0000001c71600000)]
  0x0000017ee9f8e400 JavaThread "External Process Output Forwarder - C:\Users\Administrator\.cache\selenium\chromedriver\win64\141.0.7390.122\chromedriver.exe" daemon [_thread_in_native, id=26776, stack(0x0000001c71000000,0x0000001c71100000)]
  0x0000017ee9f8d4d0 JavaThread "Driver Service Executor" daemon [_thread_blocked, id=22336, stack(0x0000001c71100000,0x0000001c71200000)]
  0x0000017ee9f8d9e0 JavaThread "Driver Service Executor" daemon [_thread_blocked, id=16280, stack(0x0000001c71200000,0x0000001c71300000)]
  0x0000017ee9f8f330 JavaThread "HttpClient-6-SelectorManager" daemon [_thread_in_native, id=720, stack(0x0000001c71900000,0x0000001c71a00000)]
  0x0000017ee9f8a230 JavaThread "External Process Output Forwarder - C:\Users\Administrator\.cache\selenium\chromedriver\win64\141.0.7390.122\chromedriver.exe" daemon [_thread_in_native, id=18200, stack(0x0000001c71e00000,0x0000001c71f00000)]
  0x0000017ee9f8a740 JavaThread "Driver Service Executor" daemon [_thread_blocked, id=23944, stack(0x0000001c71f00000,0x0000001c72000000)]
  0x0000017ee9f8ac50 JavaThread "Driver Service Executor" daemon [_thread_blocked, id=17284, stack(0x0000001c72000000,0x0000001c72100000)]
  0x0000017eeb1a0930 JavaThread "HttpClient-8-SelectorManager" daemon [_thread_in_native, id=30912, stack(0x0000001c72400000,0x0000001c72500000)]
  0x0000017eeb19ff10 JavaThread "External Process Output Forwarder - C:\Users\Administrator\.cache\selenium\chromedriver\win64\141.0.7390.122\chromedriver.exe" daemon [_thread_in_native, id=22484, stack(0x0000001c70b00000,0x0000001c70c00000)]
  0x0000017eeb19fa00 JavaThread "Driver Service Executor" daemon [_thread_blocked, id=34920, stack(0x0000001c70c00000,0x0000001c70d00000)]
  0x0000017eeb1a0e40 JavaThread "Driver Service Executor" daemon [_thread_blocked, id=33936, stack(0x0000001c70d00000,0x0000001c70e00000)]
  0x0000017ee9f8def0 JavaThread "HttpClient-10-SelectorManager" daemon [_thread_in_native, id=16556, stack(0x0000001c71b00000,0x0000001c71c00000)]
  0x0000017ee9f8fd50 JavaThread "External Process Output Forwarder - C:\Users\Administrator\.cache\selenium\chromedriver\win64\141.0.7390.122\chromedriver.exe" daemon [_thread_in_native, id=18712, stack(0x0000001c71700000,0x0000001c71800000)]
  0x0000017ee9f8cfc0 JavaThread "Driver Service Executor" daemon [_thread_blocked, id=25180, stack(0x0000001c71800000,0x0000001c71900000)]
  0x0000017ee9f91190 JavaThread "Driver Service Executor" daemon [_thread_blocked, id=27652, stack(0x0000001c71a00000,0x0000001c71b00000)]
  0x0000017ee9f8c090 JavaThread "HttpClient-12-SelectorManager" daemon [_thread_in_native, id=7816, stack(0x0000001c72500000,0x0000001c72600000)]
  0x0000017eebab09d0 JavaThread "External Process Output Forwarder - C:\Users\Administrator\.cache\selenium\chromedriver\win64\141.0.7390.122\chromedriver.exe" daemon [_thread_in_native, id=6192, stack(0x0000001c6fa00000,0x0000001c6fb00000)]
  0x0000017ee9f8c5a0 JavaThread "Driver Service Executor" daemon [_thread_blocked, id=33740, stack(0x0000001c6fe00000,0x0000001c6ff00000)]
  0x0000017ee9f8cab0 JavaThread "Driver Service Executor" daemon [_thread_blocked, id=29348, stack(0x0000001c71300000,0x0000001c71400000)]
  0x0000017ee9f90260 JavaThread "HttpClient-14-SelectorManager" daemon [_thread_in_native, id=22468, stack(0x0000001c71c00000,0x0000001c71d00000)]
  0x0000017ee9f916a0 JavaThread "External Process Output Forwarder - C:\Users\Administrator\.cache\selenium\chromedriver\win64\141.0.7390.122\chromedriver.exe" daemon [_thread_in_native, id=24460, stack(0x0000001c72300000,0x0000001c72400000)]
  0x0000017eeb1a1350 JavaThread "Driver Service Executor" daemon [_thread_blocked, id=13196, stack(0x0000001c72600000,0x0000001c72700000)]
  0x0000017eeb19e5c0 JavaThread "Driver Service Executor" daemon [_thread_blocked, id=11652, stack(0x0000001c72700000,0x0000001c72800000)]
  0x0000017eea9f78e0 JavaThread "HttpClient-16-SelectorManager" daemon [_thread_in_native, id=20356, stack(0x0000001c72e00000,0x0000001c72f00000)]
  0x0000017eea9fc4d0 JavaThread "External Process Output Forwarder - C:\Users\Administrator\.cache\selenium\chromedriver\win64\141.0.7390.122\chromedriver.exe" daemon [_thread_in_native, id=17400, stack(0x0000001c71600000,0x0000001c71700000)]
  0x0000017eea9f5f90 JavaThread "Driver Service Executor" daemon [_thread_blocked, id=19788, stack(0x0000001c72100000,0x0000001c72200000)]
  0x0000017eea9fa160 JavaThread "Driver Service Executor" daemon [_thread_blocked, id=32196, stack(0x0000001c72800000,0x0000001c72900000)]
  0x0000017eea9f8d20 JavaThread "HttpClient-18-SelectorManager" daemon [_thread_in_native, id=28816, stack(0x0000001c72d00000,0x0000001c72e00000)]
  0x0000017eea9f69b0 JavaThread "HttpClient-19-SelectorManager" daemon [_thread_in_native, id=32144, stack(0x0000001c72a00000,0x0000001c72b00000)]
  0x0000017eea9f6ec0 JavaThread "External Process Output Forwarder - C:\Users\Administrator\.cache\selenium\chromedriver\win64\141.0.7390.122\chromedriver.exe" daemon [_thread_in_native, id=11972, stack(0x0000001c72f00000,0x0000001c73000000)]
  0x0000017eea9f5060 JavaThread "Driver Service Executor" daemon [_thread_blocked, id=17668, stack(0x0000001c73000000,0x0000001c73100000)]
  0x0000017eea9fc9e0 JavaThread "Driver Service Executor" daemon [_thread_blocked, id=19912, stack(0x0000001c73100000,0x0000001c73200000)]
  0x0000017eea9f8810 JavaThread "HttpClient-20-SelectorManager" daemon [_thread_in_native, id=13736, stack(0x0000001c73600000,0x0000001c73700000)]
  0x0000017ee9f89d20 JavaThread "External Process Output Forwarder - C:\Users\Administrator\.cache\selenium\chromedriver\win64\141.0.7390.122\chromedriver.exe" daemon [_thread_in_native, id=26212, stack(0x0000001c72200000,0x0000001c72300000)]
  0x0000017ee9f8e910 JavaThread "Driver Service Executor" daemon [_thread_blocked, id=16468, stack(0x0000001c72900000,0x0000001c72a00000)]
  0x0000017eea9f5a80 JavaThread "Driver Service Executor" daemon [_thread_blocked, id=18996, stack(0x0000001c73200000,0x0000001c73300000)]
  0x0000017eea9fa670 JavaThread "HttpClient-22-SelectorManager" daemon [_thread_in_native, id=16924, stack(0x0000001c73b00000,0x0000001c73c00000)]
  0x0000017eea9f7df0 JavaThread "HttpClient-23-SelectorManager" daemon [_thread_in_native, id=18936, stack(0x0000001c72c00000,0x0000001c72d00000)]
  0x0000017eea9fb090 JavaThread "Driver Service Executor" daemon [_thread_blocked, id=19612, stack(0x0000001c73400000,0x0000001c73500000)]
  0x0000017eea9fb5a0 JavaThread "Driver Service Executor" daemon [_thread_blocked, id=20812, stack(0x0000001c73500000,0x0000001c73600000)]
  0x0000017eeb19ead0 JavaThread "HttpClient-24-SelectorManager" daemon [_thread_in_native, id=34148, stack(0x0000001c73900000,0x0000001c73a00000)]
  0x0000017eea9f9230 JavaThread "HttpClient-25-SelectorManager" daemon [_thread_in_native, id=30252, stack(0x0000001c72b00000,0x0000001c72c00000)]
  0x0000017eea9f73d0 JavaThread "External Process Output Forwarder - C:\Users\Administrator\.cache\selenium\chromedriver\win64\141.0.7390.122\chromedriver.exe" daemon [_thread_in_native, id=31344, stack(0x0000001c73300000,0x0000001c73400000)]
  0x0000017eea9fab80 JavaThread "Driver Service Executor" daemon [_thread_blocked, id=35548, stack(0x0000001c73700000,0x0000001c73800000)]
  0x0000017ee9f8f840 JavaThread "Driver Service Executor" daemon [_thread_blocked, id=34788, stack(0x0000001c73a00000,0x0000001c73b00000)]
  0x0000017eebab04c0 JavaThread "HttpClient-26-SelectorManager" daemon [_thread_in_native, id=26180, stack(0x0000001c71400000,0x0000001c71500000)]
  0x0000017eea9f5570 JavaThread "HttpClient-27-SelectorManager" daemon [_thread_in_native, id=31700, stack(0x0000001c70e00000,0x0000001c70f00000)]
  0x0000017eea9fbfc0 JavaThread "External Process Output Forwarder - C:\Users\Administrator\.cache\selenium\chromedriver\win64\141.0.7390.122\chromedriver.exe" daemon [_thread_in_native, id=29516, stack(0x0000001c71d00000,0x0000001c71e00000)]
  0x0000017eea9f8300 JavaThread "Driver Service Executor" daemon [_thread_blocked, id=33700, stack(0x0000001c73c00000,0x0000001c73d00000)]
  0x0000017eea9fbab0 JavaThread "Driver Service Executor" daemon [_thread_blocked, id=27144, stack(0x0000001c73d00000,0x0000001c73e00000)]
  0x0000017ee9f8b160 JavaThread "HttpClient-28-SelectorManager" daemon [_thread_in_native, id=32720, stack(0x0000001c70200000,0x0000001c70300000)]
  0x0000017ee42e2d50 JavaThread "HttpClient-29-SelectorManager" daemon [_thread_in_native, id=17676, stack(0x0000001c74600000,0x0000001c74700000)]
  0x0000017ee42e2840 JavaThread "HttpClient-30-SelectorManager" daemon [_thread_in_native, id=34964, stack(0x0000001c74000000,0x0000001c74100000)]
  0x0000017ee42dffc0 JavaThread "External Process Output Forwarder - C:\Users\Administrator\.cache\selenium\chromedriver\win64\141.0.7390.122\chromedriver.exe" daemon [_thread_in_native, id=32492, stack(0x0000001c74100000,0x0000001c74200000)]
  0x0000017ee42de670 JavaThread "Driver Service Executor" daemon [_thread_blocked, id=31328, stack(0x0000001c74200000,0x0000001c74300000)]
  0x0000017ee42de160 JavaThread "Driver Service Executor" daemon [_thread_blocked, id=22780, stack(0x0000001c74300000,0x0000001c74400000)]
  0x0000017ee42e04d0 JavaThread "HttpClient-31-SelectorManager" daemon [_thread_in_native, id=22052, stack(0x0000001c74700000,0x0000001c74800000)]
  0x0000017ee42e0ef0 JavaThread "pool-28-thread-4" [_thread_blocked, id=18844, stack(0x0000001c6e400000,0x0000001c6e500000)]
  0x0000017ee42df090 JavaThread "pool-28-thread-5" [_thread_blocked, id=34160, stack(0x0000001c6e500000,0x0000001c6e600000)]
  0x0000017ee42dd740 JavaThread "ForkJoinPool.commonPool-worker-15" daemon [_thread_blocked, id=31884, stack(0x0000001c6ef00000,0x0000001c6f000000)]
  0x0000017ee42e09e0 JavaThread "HttpClient-32-SelectorManager" daemon [_thread_in_native, id=22548, stack(0x0000001c73e00000,0x0000001c73f00000)]
  0x0000017ee42e1400 JavaThread "Driver Service Executor" daemon [_thread_blocked, id=35076, stack(0x0000001c74400000,0x0000001c74500000)]
  0x0000017ee42ddc50 JavaThread "Driver Service Executor" daemon [_thread_blocked, id=34464, stack(0x0000001c74500000,0x0000001c74600000)]
  0x0000017ee42df5a0 JavaThread "UrlChecker-16" daemon [_thread_blocked, id=12280, stack(0x0000001c74800000,0x0000001c74900000)]
  0x0000017ee42deb80 JavaThread "HttpClient-33-SelectorManager" daemon [_thread_in_native, id=28964, stack(0x0000001c73f00000,0x0000001c74000000)]
  0x0000017ee42dc810 JavaThread "HttpClient-34-SelectorManager" daemon [_thread_in_native, id=18684, stack(0x0000001c74900000,0x0000001c74a00000)]

Other Threads:
  0x0000017ee41f15d0 VMThread "VM Thread" [stack: 0x0000001c6ec00000,0x0000001c6ed00000] [id=34168]
  0x0000017ee44f2900 WatcherThread [stack: 0x0000001c6f800000,0x0000001c6f900000] [id=17748]
  0x0000017ecac31a90 GCTaskThread "GC Thread#0" [stack: 0x0000001c6e700000,0x0000001c6e800000] [id=24368]
  0x0000017ee47f74d0 GCTaskThread "GC Thread#1" [stack: 0x0000001c6fb00000,0x0000001c6fc00000] [id=26320]
  0x0000017ee47f8550 GCTaskThread "GC Thread#2" [stack: 0x0000001c6fc00000,0x0000001c6fd00000] [id=24048]
  0x0000017ee47f7210 GCTaskThread "GC Thread#3" [stack: 0x0000001c6fd00000,0x0000001c6fe00000] [id=32516]
  0x0000017ecac42190 ConcurrentGCThread "G1 Main Marker" [stack: 0x0000001c6e800000,0x0000001c6e900000] [id=29312]
  0x0000017ecac43600 ConcurrentGCThread "G1 Conc#0" [stack: 0x0000001c6e900000,0x0000001c6ea00000] [id=19324]
  0x0000017ecac6ec90 ConcurrentGCThread "G1 Refine#0" [stack: 0x0000001c6ea00000,0x0000001c6eb00000] [id=31296]
  0x0000017ee404c610 ConcurrentGCThread "G1 Service" [stack: 0x0000001c6eb00000,0x0000001c6ec00000] [id=9920]

Threads with active compile tasks:
C2 CompilerThread0  3914235 8291       4       java.io.WinNTFileSystem::normalize (224 bytes)
C1 CompilerThread0  3914235 8357   !   3       java.text.SimpleDateFormat::subParse (1841 bytes)

VM state: not at safepoint (normal execution)

VM Mutex/Monitor currently owned by a thread: None

Heap address: 0x0000000083000000, size: 2000 MB, Compressed Oops mode: 32-bit

CDS archive(s) not mapped
Compressed class space mapped at: 0x0000000100000000-0x0000000140000000, reserved size: 1073741824
Narrow klass base: 0x0000000000000000, Narrow klass shift: 3, Narrow klass range: 0x140000000

GC Precious Log:
 CPUs: 4 total, 4 available
 Memory: 7999M
 Large Page Support: Disabled
 NUMA Support: Disabled
 Compressed Oops: Enabled (32-bit)
 Heap Region Size: 1M
 Heap Min Capacity: 8M
 Heap Initial Capacity: 126M
 Heap Max Capacity: 2000M
 Pre-touch: Disabled
 Parallel Workers: 4
 Concurrent Workers: 1
 Concurrent Refinement Workers: 4
 Periodic GC: Disabled

Heap:
 garbage-first heap   total 92160K, used 41287K [0x0000000083000000, 0x0000000100000000)
  region size 1024K, 19 young (19456K), 5 survivors (5120K)
 Metaspace       used 55160K, committed 55808K, reserved 1114112K
  class space    used 6352K, committed 6656K, reserved 1048576K

Heap Regions: E=young(eden), S=young(survivor), O=old, HS=humongous(starts), HC=humongous(continues), CS=collection set, F=free, OA=open archive, CA=closed archive, TAMS=top-at-mark-start (previous, next)
|   0|0x0000000083000000, 0x0000000083100000, 0x0000000083100000|100%| O|  |TAMS 0x0000000083100000, 0x0000000083000000| Untracked 
|   1|0x0000000083100000, 0x0000000083200000, 0x0000000083200000|100%| O|  |TAMS 0x0000000083200000, 0x0000000083100000| Untracked 
|   2|0x0000000083200000, 0x0000000083300000, 0x0000000083300000|100%| O|  |TAMS 0x0000000083300000, 0x0000000083200000| Untracked 
|   3|0x0000000083300000, 0x0000000083400000, 0x0000000083400000|100%| O|  |TAMS 0x0000000083400000, 0x0000000083300000| Untracked 
|   4|0x0000000083400000, 0x0000000083500000, 0x0000000083500000|100%| O|  |TAMS 0x0000000083500000, 0x0000000083400000| Untracked 
|   5|0x0000000083500000, 0x0000000083600000, 0x0000000083600000|100%| O|  |TAMS 0x0000000083600000, 0x0000000083500000| Untracked 
|   6|0x0000000083600000, 0x00000000836ff200, 0x0000000083700000| 99%| O|  |TAMS 0x00000000836ff200, 0x0000000083600000| Untracked 
|   7|0x0000000083700000, 0x0000000083800000, 0x0000000083800000|100%| O|  |TAMS 0x0000000083800000, 0x0000000083700000| Untracked 
|   8|0x0000000083800000, 0x0000000083900000, 0x0000000083900000|100%| O|  |TAMS 0x0000000083900000, 0x0000000083800000| Untracked 
|   9|0x0000000083900000, 0x0000000083a00000, 0x0000000083a00000|100%| O|  |TAMS 0x0000000083a00000, 0x0000000083900000| Untracked 
|  10|0x0000000083a00000, 0x0000000083b00000, 0x0000000083b00000|100%| O|  |TAMS 0x0000000083a00000, 0x0000000083a00000| Untracked 
|  11|0x0000000083b00000, 0x0000000083c00000, 0x0000000083c00000|100%| O|  |TAMS 0x0000000083b00000, 0x0000000083b00000| Untracked 
|  12|0x0000000083c00000, 0x0000000083d00000, 0x0000000083d00000|100%| O|  |TAMS 0x0000000083c00000, 0x0000000083c00000| Untracked 
|  13|0x0000000083d00000, 0x0000000083e00000, 0x0000000083e00000|100%| O|  |TAMS 0x0000000083d00000, 0x0000000083d00000| Untracked 
|  14|0x0000000083e00000, 0x0000000083f00000, 0x0000000083f00000|100%| O|  |TAMS 0x0000000083e00000, 0x0000000083e00000| Untracked 
|  15|0x0000000083f00000, 0x0000000084000000, 0x0000000084000000|100%| O|  |TAMS 0x0000000083f00000, 0x0000000083f00000| Untracked 
|  16|0x0000000084000000, 0x0000000084100000, 0x0000000084100000|100%| O|  |TAMS 0x0000000084000000, 0x0000000084000000| Untracked 
|  17|0x0000000084100000, 0x0000000084200000, 0x0000000084200000|100%| O|  |TAMS 0x0000000084100000, 0x0000000084100000| Untracked 
|  18|0x0000000084200000, 0x0000000084300000, 0x0000000084300000|100%| O|  |TAMS 0x0000000084200000, 0x0000000084200000| Untracked 
|  19|0x0000000084300000, 0x0000000084400000, 0x0000000084400000|100%| O|  |TAMS 0x0000000084300000, 0x0000000084300000| Untracked 
|  20|0x0000000084400000, 0x0000000084500000, 0x0000000084500000|100%| O|  |TAMS 0x0000000084400000, 0x0000000084400000| Untracked 
|  21|0x0000000084500000, 0x0000000084600000, 0x0000000084600000|100%| O|  |TAMS 0x0000000084500000, 0x0000000084500000| Untracked 
|  22|0x0000000084600000, 0x0000000084700000, 0x0000000084700000|100%| O|  |TAMS 0x0000000084600000, 0x0000000084600000| Untracked 
|  23|0x0000000084700000, 0x00000000847fee00, 0x0000000084800000| 99%| O|  |TAMS 0x0000000084700000, 0x0000000084700000| Untracked 
|  24|0x0000000084800000, 0x0000000084800000, 0x0000000084900000|  0%| F|  |TAMS 0x0000000084800000, 0x0000000084800000| Untracked 
|  25|0x0000000084900000, 0x0000000084900000, 0x0000000084a00000|  0%| F|  |TAMS 0x0000000084900000, 0x0000000084900000| Untracked 
|  26|0x0000000084a00000, 0x0000000084a00000, 0x0000000084b00000|  0%| F|  |TAMS 0x0000000084a00000, 0x0000000084a00000| Untracked 
|  27|0x0000000084b00000, 0x0000000084b00000, 0x0000000084c00000|  0%| F|  |TAMS 0x0000000084b00000, 0x0000000084b00000| Untracked 
|  28|0x0000000084c00000, 0x0000000084c00000, 0x0000000084d00000|  0%| F|  |TAMS 0x0000000084c00000, 0x0000000084c00000| Untracked 
|  29|0x0000000084d00000, 0x0000000084d00000, 0x0000000084e00000|  0%| F|  |TAMS 0x0000000084d00000, 0x0000000084d00000| Untracked 
|  30|0x0000000084e00000, 0x0000000084e00000, 0x0000000084f00000|  0%| F|  |TAMS 0x0000000084e00000, 0x0000000084e00000| Untracked 
|  31|0x0000000084f00000, 0x0000000084f00000, 0x0000000085000000|  0%| F|  |TAMS 0x0000000084f00000, 0x0000000084f00000| Untracked 
|  32|0x0000000085000000, 0x0000000085000000, 0x0000000085100000|  0%| F|  |TAMS 0x0000000085000000, 0x0000000085000000| Untracked 
|  33|0x0000000085100000, 0x0000000085153ec0, 0x0000000085200000| 32%| S|CS|TAMS 0x0000000085100000, 0x0000000085100000| Complete 
|  34|0x0000000085200000, 0x0000000085300000, 0x0000000085300000|100%| S|CS|TAMS 0x0000000085200000, 0x0000000085200000| Complete 
|  35|0x0000000085300000, 0x0000000085400000, 0x0000000085400000|100%| S|CS|TAMS 0x0000000085300000, 0x0000000085300000| Complete 
|  36|0x0000000085400000, 0x0000000085400000, 0x0000000085500000|  0%| F|  |TAMS 0x0000000085400000, 0x0000000085400000| Untracked 
|  37|0x0000000085500000, 0x0000000085600000, 0x0000000085600000|100%| S|CS|TAMS 0x0000000085500000, 0x0000000085500000| Complete 
|  38|0x0000000085600000, 0x0000000085600000, 0x0000000085700000|  0%| F|  |TAMS 0x0000000085600000, 0x0000000085600000| Untracked 
|  39|0x0000000085700000, 0x0000000085700000, 0x0000000085800000|  0%| F|  |TAMS 0x0000000085700000, 0x0000000085700000| Untracked 
|  40|0x0000000085800000, 0x0000000085800000, 0x0000000085900000|  0%| F|  |TAMS 0x0000000085800000, 0x0000000085800000| Untracked 
|  41|0x0000000085900000, 0x0000000085a00000, 0x0000000085a00000|100%| S|CS|TAMS 0x0000000085900000, 0x0000000085900000| Complete 
|  42|0x0000000085a00000, 0x0000000085a00000, 0x0000000085b00000|  0%| F|  |TAMS 0x0000000085a00000, 0x0000000085a00000| Untracked 
|  43|0x0000000085b00000, 0x0000000085b00000, 0x0000000085c00000|  0%| F|  |TAMS 0x0000000085b00000, 0x0000000085b00000| Untracked 
|  44|0x0000000085c00000, 0x0000000085c00000, 0x0000000085d00000|  0%| F|  |TAMS 0x0000000085c00000, 0x0000000085c00000| Untracked 
|  45|0x0000000085d00000, 0x0000000085d00000, 0x0000000085e00000|  0%| F|  |TAMS 0x0000000085d00000, 0x0000000085d00000| Untracked 
|  46|0x0000000085e00000, 0x0000000085e00000, 0x0000000085f00000|  0%| F|  |TAMS 0x0000000085e00000, 0x0000000085e00000| Untracked 
|  47|0x0000000085f00000, 0x0000000085f00000, 0x0000000086000000|  0%| F|  |TAMS 0x0000000085f00000, 0x0000000085f00000| Untracked 
|  48|0x0000000086000000, 0x0000000086000000, 0x0000000086100000|  0%| F|  |TAMS 0x0000000086000000, 0x0000000086000000| Untracked 
|  49|0x0000000086100000, 0x0000000086100000, 0x0000000086200000|  0%| F|  |TAMS 0x0000000086100000, 0x0000000086100000| Untracked 
|  50|0x0000000086200000, 0x0000000086200000, 0x0000000086300000|  0%| F|  |TAMS 0x0000000086200000, 0x0000000086200000| Untracked 
|  51|0x0000000086300000, 0x0000000086300000, 0x0000000086400000|  0%| F|  |TAMS 0x0000000086300000, 0x0000000086300000| Untracked 
|  52|0x0000000086400000, 0x0000000086400000, 0x0000000086500000|  0%| F|  |TAMS 0x0000000086400000, 0x0000000086400000| Untracked 
|  53|0x0000000086500000, 0x0000000086500000, 0x0000000086600000|  0%| F|  |TAMS 0x0000000086500000, 0x0000000086500000| Untracked 
|  54|0x0000000086600000, 0x0000000086600000, 0x0000000086700000|  0%| F|  |TAMS 0x0000000086600000, 0x0000000086600000| Untracked 
|  55|0x0000000086700000, 0x0000000086700000, 0x0000000086800000|  0%| F|  |TAMS 0x0000000086700000, 0x0000000086700000| Untracked 
|  56|0x0000000086800000, 0x0000000086800000, 0x0000000086900000|  0%| F|  |TAMS 0x0000000086800000, 0x0000000086800000| Untracked 
|  57|0x0000000086900000, 0x0000000086900000, 0x0000000086a00000|  0%| F|  |TAMS 0x0000000086900000, 0x0000000086900000| Untracked 
|  58|0x0000000086a00000, 0x0000000086a00000, 0x0000000086b00000|  0%| F|  |TAMS 0x0000000086a00000, 0x0000000086a00000| Untracked 
|  59|0x0000000086b00000, 0x0000000086b00000, 0x0000000086c00000|  0%| F|  |TAMS 0x0000000086b00000, 0x0000000086b00000| Untracked 
|  60|0x0000000086c00000, 0x0000000086c00000, 0x0000000086d00000|  0%| F|  |TAMS 0x0000000086c00000, 0x0000000086c00000| Untracked 
|  61|0x0000000086d00000, 0x0000000086d00000, 0x0000000086e00000|  0%| F|  |TAMS 0x0000000086d00000, 0x0000000086d00000| Untracked 
|  62|0x0000000086e00000, 0x0000000086e00000, 0x0000000086f00000|  0%| F|  |TAMS 0x0000000086e00000, 0x0000000086e00000| Untracked 
|  63|0x0000000086f00000, 0x0000000086f00000, 0x0000000087000000|  0%| F|  |TAMS 0x0000000086f00000, 0x0000000086f00000| Untracked 
|  64|0x0000000087000000, 0x0000000087000000, 0x0000000087100000|  0%| F|  |TAMS 0x0000000087000000, 0x0000000087000000| Untracked 
|  65|0x0000000087100000, 0x0000000087100000, 0x0000000087200000|  0%| F|  |TAMS 0x0000000087100000, 0x0000000087100000| Untracked 
|  66|0x0000000087200000, 0x0000000087200000, 0x0000000087300000|  0%| F|  |TAMS 0x0000000087200000, 0x0000000087200000| Untracked 
|  67|0x0000000087300000, 0x0000000087300000, 0x0000000087400000|  0%| F|  |TAMS 0x0000000087300000, 0x0000000087300000| Untracked 
|  68|0x0000000087400000, 0x0000000087400000, 0x0000000087500000|  0%| F|  |TAMS 0x0000000087400000, 0x0000000087400000| Untracked 
|  69|0x0000000087500000, 0x0000000087500000, 0x0000000087600000|  0%| F|  |TAMS 0x0000000087500000, 0x0000000087500000| Untracked 
|  70|0x0000000087600000, 0x0000000087600000, 0x0000000087700000|  0%| F|  |TAMS 0x0000000087600000, 0x0000000087600000| Untracked 
|  71|0x0000000087700000, 0x0000000087700000, 0x0000000087800000|  0%| F|  |TAMS 0x0000000087700000, 0x0000000087700000| Untracked 
|  72|0x0000000087800000, 0x0000000087800000, 0x0000000087900000|  0%| F|  |TAMS 0x0000000087800000, 0x0000000087800000| Untracked 
|  73|0x0000000087900000, 0x0000000087900000, 0x0000000087a00000|  0%| F|  |TAMS 0x0000000087900000, 0x0000000087900000| Untracked 
|  74|0x0000000087a00000, 0x0000000087a00000, 0x0000000087b00000|  0%| F|  |TAMS 0x0000000087a00000, 0x0000000087a00000| Untracked 
|  75|0x0000000087b00000, 0x0000000087b00000, 0x0000000087c00000|  0%| F|  |TAMS 0x0000000087b00000, 0x0000000087b00000| Untracked 
|  76|0x0000000087c00000, 0x0000000087c643a8, 0x0000000087d00000| 39%| E|  |TAMS 0x0000000087c00000, 0x0000000087c00000| Complete 
|  77|0x0000000087d00000, 0x0000000087e00000, 0x0000000087e00000|100%| E|CS|TAMS 0x0000000087d00000, 0x0000000087d00000| Complete 
|  78|0x0000000087e00000, 0x0000000087f00000, 0x0000000087f00000|100%| E|  |TAMS 0x0000000087e00000, 0x0000000087e00000| Complete 
|  79|0x0000000087f00000, 0x0000000088000000, 0x0000000088000000|100%| E|CS|TAMS 0x0000000087f00000, 0x0000000087f00000| Complete 
|  80|0x0000000088000000, 0x0000000088100000, 0x0000000088100000|100%| E|CS|TAMS 0x0000000088000000, 0x0000000088000000| Complete 
|  81|0x0000000088100000, 0x0000000088200000, 0x0000000088200000|100%| E|CS|TAMS 0x0000000088100000, 0x0000000088100000| Complete 
|  82|0x0000000088200000, 0x0000000088300000, 0x0000000088300000|100%| E|CS|TAMS 0x0000000088200000, 0x0000000088200000| Complete 
|  83|0x0000000088300000, 0x0000000088400000, 0x0000000088400000|100%| E|CS|TAMS 0x0000000088300000, 0x0000000088300000| Complete 
|  84|0x0000000088400000, 0x0000000088500000, 0x0000000088500000|100%| E|CS|TAMS 0x0000000088400000, 0x0000000088400000| Complete 
|  85|0x0000000088500000, 0x0000000088600000, 0x0000000088600000|100%| E|CS|TAMS 0x0000000088500000, 0x0000000088500000| Complete 
| 101|0x0000000089500000, 0x0000000089600000, 0x0000000089600000|100%| E|CS|TAMS 0x0000000089500000, 0x0000000089500000| Complete 
| 102|0x0000000089600000, 0x0000000089700000, 0x0000000089700000|100%| E|CS|TAMS 0x0000000089600000, 0x0000000089600000| Complete 
| 103|0x0000000089700000, 0x0000000089800000, 0x0000000089800000|100%| E|CS|TAMS 0x0000000089700000, 0x0000000089700000| Complete 
| 125|0x000000008ad00000, 0x000000008ae00000, 0x000000008ae00000|100%| E|CS|TAMS 0x000000008ad00000, 0x000000008ad00000| Complete 

Card table byte_map: [0x0000017edd670000,0x0000017edda60000] _byte_map_base: 0x0000017edd258000

Marking Bits (Prev, Next): (CMBitMap*) 0x0000017ecac31e60, (CMBitMap*) 0x0000017ecac31ea0
 Prev Bits: [0x0000017edde50000, 0x0000017edfd90000)
 Next Bits: [0x0000017edfd90000, 0x0000017ee1cd0000)

Polling page: 0x0000017ec89a0000

Metaspace:

Usage:
  Non-class:     47.66 MB used.
      Class:      6.20 MB used.
       Both:     53.87 MB used.

Virtual space:
  Non-class space:       64.00 MB reserved,      48.00 MB ( 75%) committed,  1 nodes.
      Class space:        1.00 GB reserved,       6.50 MB ( <1%) committed,  1 nodes.
             Both:        1.06 GB reserved,      54.50 MB (  5%) committed. 

Chunk freelists:
   Non-Class:  61.00 KB
       Class:  9.54 MB
        Both:  9.60 MB

MaxMetaspaceSize: unlimited
CompressedClassSpaceSize: 1.00 GB
Initial GC threshold: 21.00 MB
Current GC threshold: 59.38 MB
CDS: off
MetaspaceReclaimPolicy: balanced
 - commit_granule_bytes: 65536.
 - commit_granule_words: 8192.
 - virtual_space_node_default_size: 8388608.
 - enlarge_chunks_in_place: 1.
 - new_chunks_are_fully_committed: 0.
 - uncommit_free_chunks: 1.
 - use_allocation_guard: 0.
 - handle_deallocations: 1.


Internal statistics:

num_allocs_failed_limit: 6.
num_arena_births: 920.
num_arena_deaths: 0.
num_vsnodes_births: 2.
num_vsnodes_deaths: 0.
num_space_committed: 871.
num_space_uncommitted: 0.
num_chunks_returned_to_freelist: 6.
num_chunks_taken_from_freelist: 2415.
num_chunk_merges: 3.
num_chunk_splits: 1509.
num_chunks_enlarged: 917.
num_inconsistent_stats: 0.

CodeHeap 'non-profiled nmethods': size=120000Kb used=4623Kb max_used=4623Kb free=115376Kb
 bounds [0x0000017ed5d50000, 0x0000017ed61e0000, 0x0000017edd280000]
CodeHeap 'profiled nmethods': size=120000Kb used=15708Kb max_used=15708Kb free=104291Kb
 bounds [0x0000017ece280000, 0x0000017ecf1e0000, 0x0000017ed57b0000]
CodeHeap 'non-nmethods': size=5760Kb used=1312Kb max_used=1399Kb free=4447Kb
 bounds [0x0000017ed57b0000, 0x0000017ed5a20000, 0x0000017ed5d50000]
 total_blobs=7990 nmethods=7355 adapters=547
 compilation: enabled
              stopped_count=0, restarted_count=0
 full_count=0

Compilation events (20 events):
Event: 3913.529 Thread 0x0000017ee424aed0 8311  s    3       java.lang.Throwable::getCause (17 bytes)
Event: 3913.529 Thread 0x0000017ee424aed0 nmethod 8311 0x0000017ecf1c1b90 code [0x0000017ecf1c1d20, 0x0000017ecf1c1f38]
Event: 3913.540 Thread 0x0000017ee424aed0 8313       3       org.testng.remote.strprotocol.MessageHelper::quoteReplacement (109 bytes)
Event: 3913.543 Thread 0x0000017ee424aed0 nmethod 8313 0x0000017ecf1c2010 code [0x0000017ecf1c2380, 0x0000017ecf1c3a68]
Event: 3913.543 Thread 0x0000017ee424aed0 8314       3       java.lang.management.ManagementFactory$PlatformMBeanFinder$$Lambda$54/0x00000001001494f0::test (12 bytes)
Event: 3913.543 Thread 0x0000017ee424aed0 nmethod 8314 0x0000017ecf1c4190 code [0x0000017ecf1c4360, 0x0000017ecf1c4758]
Event: 3913.543 Thread 0x0000017ee424aed0 8312       3       org.testng.remote.strprotocol.MessageHelper::replace (28 bytes)
Event: 3913.544 Thread 0x0000017ee424aed0 nmethod 8312 0x0000017ecf1c4890 code [0x0000017ecf1c4a80, 0x0000017ecf1c4e98]
Event: 3913.544 Thread 0x0000017ee424aed0 8315       3       java.util.stream.StreamSpliterators$WrappingSpliterator::<init> (8 bytes)
Event: 3913.544 Thread 0x0000017ee424aed0 nmethod 8315 0x0000017ecf1c5090 code [0x0000017ecf1c5240, 0x0000017ecf1c54f8]
Event: 3913.549 Thread 0x0000017ee424aed0 8316       3       jdk.internal.reflect.AccessorGenerator::getClassName (197 bytes)
Event: 3913.551 Thread 0x0000017ee424aed0 nmethod 8316 0x0000017ecf1c5610 code [0x0000017ecf1c5a20, 0x0000017ecf1c6f08]
Event: 3913.551 Thread 0x0000017ee424aed0 8318       3       java.util.Arrays::copyOfRange (64 bytes)
Event: 3913.552 Thread 0x0000017ee424aed0 nmethod 8318 0x0000017ecf1c7490 code [0x0000017ecf1c76e0, 0x0000017ecf1c7fd8]
Event: 3913.552 Thread 0x0000017ee424aed0 8317       3       java.math.MutableBigInteger::compare (106 bytes)
Event: 3913.552 Thread 0x0000017ee424aed0 nmethod 8317 0x0000017ecf1c8310 code [0x0000017ecf1c84e0, 0x0000017ecf1c88b8]
Event: 3913.552 Thread 0x0000017ee424aed0 8319       3       sun.util.locale.BaseLocale::convertOldISOCodes (238 bytes)
Event: 3913.552 Thread 0x0000017ee424aed0 nmethod 8319 0x0000017ecf1c8a90 code [0x0000017ecf1c8cc0, 0x0000017ecf1c9408]
Event: 3913.552 Thread 0x0000017ee424aed0 8320       3       io.cucumber.cucumberexpressions.CucumberExpression::rewriteExpression (38 bytes)
Event: 3913.553 Thread 0x0000017ee424aed0 nmethod 8320 0x0000017ecf1c9590 code [0x0000017ecf1c97e0, 0x0000017ecf1ca108]

GC Heap History (20 events):
Event: 4.541 GC heap before
{Heap before GC invocations=12 (full 0):
 garbage-first heap   total 46080K, used 33916K [0x0000000083000000, 0x0000000100000000)
  region size 1024K, 18 young (18432K), 1 survivors (1024K)
 Metaspace       used 40618K, committed 41024K, reserved 1114112K
  class space    used 4562K, committed 4736K, reserved 1048576K
}
Event: 4.550 GC heap after
{Heap after GC invocations=13 (full 0):
 garbage-first heap   total 92160K, used 20592K [0x0000000083000000, 0x0000000100000000)
  region size 1024K, 3 young (3072K), 3 survivors (3072K)
 Metaspace       used 40618K, committed 41024K, reserved 1114112K
  class space    used 4562K, committed 4736K, reserved 1048576K
}
Event: 8.625 GC heap before
{Heap before GC invocations=13 (full 0):
 garbage-first heap   total 92160K, used 60528K [0x0000000083000000, 0x0000000100000000)
  region size 1024K, 42 young (43008K), 3 survivors (3072K)
 Metaspace       used 47056K, committed 47616K, reserved 1114112K
  class space    used 5532K, committed 5760K, reserved 1048576K
}
Event: 8.637 GC heap after
{Heap after GC invocations=14 (full 0):
 garbage-first heap   total 92160K, used 24572K [0x0000000083000000, 0x0000000100000000)
  region size 1024K, 6 young (6144K), 6 survivors (6144K)
 Metaspace       used 47056K, committed 47616K, reserved 1114112K
  class space    used 5532K, committed 5760K, reserved 1048576K
}
Event: 319.891 GC heap before
{Heap before GC invocations=14 (full 0):
 garbage-first heap   total 92160K, used 62460K [0x0000000083000000, 0x0000000100000000)
  region size 1024K, 43 young (44032K), 6 survivors (6144K)
 Metaspace       used 48067K, committed 48640K, reserved 1114112K
  class space    used 5581K, committed 5824K, reserved 1048576K
}
Event: 319.900 GC heap after
{Heap after GC invocations=15 (full 0):
 garbage-first heap   total 92160K, used 25569K [0x0000000083000000, 0x0000000100000000)
  region size 1024K, 1 young (1024K), 1 survivors (1024K)
 Metaspace       used 48067K, committed 48640K, reserved 1114112K
  class space    used 5581K, committed 5824K, reserved 1048576K
}
Event: 377.308 GC heap before
{Heap before GC invocations=15 (full 0):
 garbage-first heap   total 92160K, used 65505K [0x0000000083000000, 0x0000000100000000)
  region size 1024K, 41 young (41984K), 1 survivors (1024K)
 Metaspace       used 50925K, committed 51456K, reserved 1114112K
  class space    used 5921K, committed 6208K, reserved 1048576K
}
Event: 377.312 GC heap after
{Heap after GC invocations=16 (full 0):
 garbage-first heap   total 92160K, used 26420K [0x0000000083000000, 0x0000000100000000)
  region size 1024K, 2 young (2048K), 2 survivors (2048K)
 Metaspace       used 50925K, committed 51456K, reserved 1114112K
  class space    used 5921K, committed 6208K, reserved 1048576K
}
Event: 711.048 GC heap before
{Heap before GC invocations=16 (full 0):
 garbage-first heap   total 92160K, used 70452K [0x0000000083000000, 0x0000000100000000)
  region size 1024K, 46 young (47104K), 2 survivors (2048K)
 Metaspace       used 53977K, committed 54592K, reserved 1114112K
  class space    used 6280K, committed 6592K, reserved 1048576K
}
Event: 711.053 GC heap after
{Heap after GC invocations=17 (full 0):
 garbage-first heap   total 92160K, used 27357K [0x0000000083000000, 0x0000000100000000)
  region size 1024K, 3 young (3072K), 3 survivors (3072K)
 Metaspace       used 53977K, committed 54592K, reserved 1114112K
  class space    used 6280K, committed 6592K, reserved 1048576K
}
Event: 1336.180 GC heap before
{Heap before GC invocations=17 (full 0):
 garbage-first heap   total 92160K, used 72413K [0x0000000083000000, 0x0000000100000000)
  region size 1024K, 48 young (49152K), 3 survivors (3072K)
 Metaspace       used 54266K, committed 54848K, reserved 1114112K
  class space    used 6290K, committed 6592K, reserved 1048576K
}
Event: 1336.187 GC heap after
{Heap after GC invocations=18 (full 0):
 garbage-first heap   total 92160K, used 28017K [0x0000000083000000, 0x0000000100000000)
  region size 1024K, 4 young (4096K), 4 survivors (4096K)
 Metaspace       used 54266K, committed 54848K, reserved 1114112K
  class space    used 6290K, committed 6592K, reserved 1048576K
}
Event: 1806.915 GC heap before
{Heap before GC invocations=18 (full 0):
 garbage-first heap   total 92160K, used 73073K [0x0000000083000000, 0x0000000100000000)
  region size 1024K, 49 young (50176K), 4 survivors (4096K)
 Metaspace       used 54431K, committed 54976K, reserved 1114112K
  class space    used 6293K, committed 6592K, reserved 1048576K
}
Event: 1806.921 GC heap after
{Heap after GC invocations=19 (full 0):
 garbage-first heap   total 92160K, used 27900K [0x0000000083000000, 0x0000000100000000)
  region size 1024K, 4 young (4096K), 4 survivors (4096K)
 Metaspace       used 54431K, committed 54976K, reserved 1114112K
  class space    used 6293K, committed 6592K, reserved 1048576K
}
Event: 2375.421 GC heap before
{Heap before GC invocations=19 (full 0):
 garbage-first heap   total 92160K, used 73980K [0x0000000083000000, 0x0000000100000000)
  region size 1024K, 50 young (51200K), 4 survivors (4096K)
 Metaspace       used 54487K, committed 55104K, reserved 1114112K
  class space    used 6294K, committed 6592K, reserved 1048576K
}
Event: 2375.428 GC heap after
{Heap after GC invocations=20 (full 0):
 garbage-first heap   total 92160K, used 28097K [0x0000000083000000, 0x0000000100000000)
  region size 1024K, 4 young (4096K), 4 survivors (4096K)
 Metaspace       used 54487K, committed 55104K, reserved 1114112K
  class space    used 6294K, committed 6592K, reserved 1048576K
}
Event: 2708.143 GC heap before
{Heap before GC invocations=20 (full 0):
 garbage-first heap   total 92160K, used 75201K [0x0000000083000000, 0x0000000100000000)
  region size 1024K, 51 young (52224K), 4 survivors (4096K)
 Metaspace       used 54603K, committed 55168K, reserved 1114112K
  class space    used 6297K, committed 6592K, reserved 1048576K
}
Event: 2708.150 GC heap after
{Heap after GC invocations=21 (full 0):
 garbage-first heap   total 92160K, used 28245K [0x0000000083000000, 0x0000000100000000)
  region size 1024K, 4 young (4096K), 4 survivors (4096K)
 Metaspace       used 54603K, committed 55168K, reserved 1114112K
  class space    used 6297K, committed 6592K, reserved 1048576K
}
Event: 3545.527 GC heap before
{Heap before GC invocations=21 (full 0):
 garbage-first heap   total 92160K, used 75349K [0x0000000083000000, 0x0000000100000000)
  region size 1024K, 51 young (52224K), 4 survivors (4096K)
 Metaspace       used 54690K, committed 55232K, reserved 1114112K
  class space    used 6305K, committed 6592K, reserved 1048576K
}
Event: 3545.550 GC heap after
{Heap after GC invocations=22 (full 0):
 garbage-first heap   total 92160K, used 28286K [0x0000000083000000, 0x0000000100000000)
  region size 1024K, 4 young (4096K), 4 survivors (4096K)
 Metaspace       used 54690K, committed 55232K, reserved 1114112K
  class space    used 6305K, committed 6592K, reserved 1048576K
}

Dll operation events (10 events):
Event: 0.007 Loaded shared library C:\SmartPolicyProject\AutomationSupport\eclipse\plugins\org.eclipse.justj.openjdk.hotspot.jre.full.win32.x86_64_17.0.10.v20240120-1143\jre\bin\java.dll
Event: 0.212 Loaded shared library C:\SmartPolicyProject\AutomationSupport\eclipse\plugins\org.eclipse.justj.openjdk.hotspot.jre.full.win32.x86_64_17.0.10.v20240120-1143\jre\bin\net.dll
Event: 0.214 Loaded shared library C:\SmartPolicyProject\AutomationSupport\eclipse\plugins\org.eclipse.justj.openjdk.hotspot.jre.full.win32.x86_64_17.0.10.v20240120-1143\jre\bin\nio.dll
Event: 0.226 Loaded shared library C:\SmartPolicyProject\AutomationSupport\eclipse\plugins\org.eclipse.justj.openjdk.hotspot.jre.full.win32.x86_64_17.0.10.v20240120-1143\jre\bin\zip.dll
Event: 0.479 Loaded shared library C:\SmartPolicyProject\AutomationSupport\eclipse\plugins\org.eclipse.justj.openjdk.hotspot.jre.full.win32.x86_64_17.0.10.v20240120-1143\jre\bin\jimage.dll
Event: 0.571 Loaded shared library C:\SmartPolicyProject\AutomationSupport\eclipse\plugins\org.eclipse.justj.openjdk.hotspot.jre.full.win32.x86_64_17.0.10.v20240120-1143\jre\bin\verify.dll
Event: 1.003 Loaded shared library C:\SmartPolicyProject\AutomationSupport\eclipse\plugins\org.eclipse.justj.openjdk.hotspot.jre.full.win32.x86_64_17.0.10.v20240120-1143\jre\bin\management.dll
Event: 1.006 Loaded shared library C:\SmartPolicyProject\AutomationSupport\eclipse\plugins\org.eclipse.justj.openjdk.hotspot.jre.full.win32.x86_64_17.0.10.v20240120-1143\jre\bin\management_ext.dll
Event: 1.494 Loaded shared library C:\SmartPolicyProject\AutomationSupport\eclipse\plugins\org.eclipse.justj.openjdk.hotspot.jre.full.win32.x86_64_17.0.10.v20240120-1143\jre\bin\extnet.dll
Event: 4.091 Loaded shared library C:\SmartPolicyProject\AutomationSupport\eclipse\plugins\org.eclipse.justj.openjdk.hotspot.jre.full.win32.x86_64_17.0.10.v20240120-1143\jre\bin\sunmscapi.dll

Deoptimization events (20 events):
Event: 3797.218 Thread 0x0000017ee42dfab0 DEOPT PACKING pc=0x0000017ed5fb8b4c sp=0x0000001c749ff180
Event: 3797.218 Thread 0x0000017ee42e2840 DEOPT PACKING pc=0x0000017ed5fb8b4c sp=0x0000001c748fef90
Event: 3797.218 Thread 0x0000017ee42dfab0 DEOPT UNPACKING pc=0x0000017ed58069a3 sp=0x0000001c749ff110 mode 2
Event: 3797.218 Thread 0x0000017ee42e2840 DEOPT UNPACKING pc=0x0000017ed58069a3 sp=0x0000001c748fef20 mode 2
Event: 3797.223 Thread 0x0000017ee42dfab0 Uncommon trap: trap_request=0xffffff45 fr.pc=0x0000017ed6067778 relative=0x0000000000000298
Event: 3797.223 Thread 0x0000017ee42dfab0 Uncommon trap: reason=unstable_if action=reinterpret pc=0x0000017ed6067778 method=java.util.concurrent.ThreadPoolExecutor.runStateAtLeast(II)Z @ 2 c2
Event: 3797.223 Thread 0x0000017ee42e2840 Uncommon trap: trap_request=0xffffff45 fr.pc=0x0000017ed6067778 relative=0x0000000000000298
Event: 3797.223 Thread 0x0000017ee42e2840 Uncommon trap: reason=unstable_if action=reinterpret pc=0x0000017ed6067778 method=java.util.concurrent.ThreadPoolExecutor.runStateAtLeast(II)Z @ 2 c2
Event: 3797.223 Thread 0x0000017ee42dfab0 DEOPT PACKING pc=0x0000017ed6067778 sp=0x0000001c749ff2e0
Event: 3797.223 Thread 0x0000017ee42e2840 DEOPT PACKING pc=0x0000017ed6067778 sp=0x0000001c748ff0f0
Event: 3797.223 Thread 0x0000017ee42dfab0 DEOPT UNPACKING pc=0x0000017ed58069a3 sp=0x0000001c749ff200 mode 2
Event: 3797.223 Thread 0x0000017ee42e2840 DEOPT UNPACKING pc=0x0000017ed58069a3 sp=0x0000001c748ff010 mode 2
Event: 3797.278 Thread 0x0000017eead50040 DEOPT PACKING pc=0x0000017eceea545f sp=0x0000001c701fd6e0
Event: 3797.278 Thread 0x0000017eead50040 DEOPT UNPACKING pc=0x0000017ed5807143 sp=0x0000001c701fcb90 mode 0
Event: 3913.473 Thread 0x0000017eea440bb0 DEOPT PACKING pc=0x0000017ece2c49c3 sp=0x0000001c700fc9a0
Event: 3913.473 Thread 0x0000017eea440bb0 DEOPT UNPACKING pc=0x0000017ed5807143 sp=0x0000001c700fbec0 mode 0
Event: 3913.473 Thread 0x0000017eea440bb0 Uncommon trap: trap_request=0xffffff45 fr.pc=0x0000017ed5d5a264 relative=0x0000000000000064
Event: 3913.473 Thread 0x0000017eea440bb0 Uncommon trap: reason=unstable_if action=reinterpret pc=0x0000017ed5d5a264 method=java.io.WinNTFileSystem.isSlash(C)Z @ 9 c2
Event: 3913.473 Thread 0x0000017eea440bb0 DEOPT PACKING pc=0x0000017ed5d5a264 sp=0x0000001c700fc9c0
Event: 3913.473 Thread 0x0000017eea440bb0 DEOPT UNPACKING pc=0x0000017ed58069a3 sp=0x0000001c700fc948 mode 2

Classes unloaded (0 events):
No events

Classes redefined (0 events):
No events

Internal exceptions (20 events):
Event: 3734.809 Thread 0x0000017eea9f9c50 Exception <a 'java/net/ConnectException'{0x0000000087e23388}: Connection refused: no further information> (0x0000000087e23388) 
thrown [s\src\hotspot\share\prims\jni.cpp, line 535]
Event: 3734.809 Thread 0x0000017eea9f9c50 Exception <a 'java/net/SocketException'{0x0000000087e236c0}: Socket is not connected: shutdown> (0x0000000087e236c0) 
thrown [s\src\hotspot\share\prims\jni.cpp, line 535]
Event: 3734.830 Thread 0x0000017eea9f9c50 Exception <a 'java/net/ConnectException'{0x0000000087e24698}: Connection refused: no further information> (0x0000000087e24698) 
thrown [s\src\hotspot\share\prims\jni.cpp, line 535]
Event: 3734.830 Thread 0x0000017eea9f9c50 Exception <a 'java/net/SocketException'{0x0000000087e249d0}: Socket is not connected: shutdown> (0x0000000087e249d0) 
thrown [s\src\hotspot\share\prims\jni.cpp, line 535]
Event: 3796.828 Thread 0x0000017ee42e1910 Exception <a 'java/net/ConnectException'{0x00000000873b3200}: Connection refused: no further information> (0x00000000873b3200) 
thrown [s\src\hotspot\share\prims\jni.cpp, line 535]
Event: 3796.829 Thread 0x0000017ee42e1910 Exception <a 'java/net/SocketException'{0x00000000873b3538}: Socket is not connected: shutdown> (0x00000000873b3538) 
thrown [s\src\hotspot\share\prims\jni.cpp, line 535]
Event: 3797.270 Thread 0x0000017eead50040 Exception <a 'java/lang/reflect/InvocationTargetException'{0x00000000873678c8}> (0x00000000873678c8) 
thrown [s\src\hotspot\share\runtime\reflection.cpp, line 1121]
Event: 3797.312 Thread 0x0000017eead50040 Exception <a 'java/lang/reflect/InvocationTargetException'{0x00000000870fa830}> (0x00000000870fa830) 
thrown [s\src\hotspot\share\runtime\reflection.cpp, line 1121]
Event: 3797.313 Thread 0x0000017eead50040 Exception <a 'sun/nio/fs/WindowsException'{0x0000000086f55260}> (0x0000000086f55260) 
thrown [s\src\hotspot\share\prims\jni.cpp, line 516]
Event: 3797.417 Thread 0x0000017eead50040 Exception <a 'java/net/SocketException'{0x0000000086b85dc8}: Socket is not connected: shutdown> (0x0000000086b85dc8) 
thrown [s\src\hotspot\share\prims\jni.cpp, line 535]
Event: 3797.417 Thread 0x0000017eead50040 Exception <a 'java/net/SocketException'{0x0000000086b86630}: Socket is not connected: shutdown> (0x0000000086b86630) 
thrown [s\src\hotspot\share\prims\jni.cpp, line 535]
Event: 3797.437 Thread 0x0000017ee42e1910 Exception <a 'java/net/ConnectException'{0x00000000873b4530}: Connection refused: no further information> (0x00000000873b4530) 
thrown [s\src\hotspot\share\prims\jni.cpp, line 535]
Event: 3797.437 Thread 0x0000017ee42e1910 Exception <a 'java/net/SocketException'{0x00000000873b4868}: Socket is not connected: shutdown> (0x00000000873b4868) 
thrown [s\src\hotspot\share\prims\jni.cpp, line 535]
Event: 3797.448 Thread 0x0000017ee42e1910 Exception <a 'java/net/ConnectException'{0x00000000873b5840}: Connection refused: no further information> (0x00000000873b5840) 
thrown [s\src\hotspot\share\prims\jni.cpp, line 535]
Event: 3797.448 Thread 0x0000017ee42e1910 Exception <a 'java/net/SocketException'{0x00000000873b5b78}: Socket is not connected: shutdown> (0x00000000873b5b78) 
thrown [s\src\hotspot\share\prims\jni.cpp, line 535]
Event: 3797.470 Thread 0x0000017ee42e1910 Exception <a 'java/net/ConnectException'{0x00000000873b6b50}: Connection refused: no further information> (0x00000000873b6b50) 
thrown [s\src\hotspot\share\prims\jni.cpp, line 535]
Event: 3797.470 Thread 0x0000017ee42e1910 Exception <a 'java/net/SocketException'{0x00000000873b6e88}: Socket is not connected: shutdown> (0x00000000873b6e88) 
thrown [s\src\hotspot\share\prims\jni.cpp, line 535]
Event: 3913.461 Thread 0x0000017eea440bb0 Exception <a 'java/lang/reflect/InvocationTargetException'{0x0000000087d970f8}> (0x0000000087d970f8) 
thrown [s\src\hotspot\share\runtime\reflection.cpp, line 1121]
Event: 3913.506 Thread 0x0000017eea440bb0 Exception <a 'java/lang/reflect/InvocationTargetException'{0x0000000086679980}> (0x0000000086679980) 
thrown [s\src\hotspot\share\runtime\reflection.cpp, line 1121]
Event: 3913.507 Thread 0x0000017eea440bb0 Exception <a 'sun/nio/fs/WindowsException'{0x000000008650aef8}> (0x000000008650aef8) 
thrown [s\src\hotspot\share\prims\jni.cpp, line 516]

VM Operations (20 events):
Event: 3547.957 Executing VM operation: HandshakeAllThreads
Event: 3547.957 Executing VM operation: HandshakeAllThreads done
Event: 3551.958 Executing VM operation: Cleanup
Event: 3551.958 Executing VM operation: Cleanup done
Event: 3608.099 Executing VM operation: HandshakeAllThreads
Event: 3608.100 Executing VM operation: HandshakeAllThreads done
Event: 3732.168 Executing VM operation: Cleanup
Event: 3732.168 Executing VM operation: Cleanup done
Event: 3734.170 Executing VM operation: Cleanup
Event: 3734.170 Executing VM operation: Cleanup done
Event: 3735.171 Executing VM operation: Cleanup
Event: 3735.171 Executing VM operation: Cleanup done
Event: 3788.552 Executing VM operation: HandshakeAllThreads
Event: 3788.552 Executing VM operation: HandshakeAllThreads done
Event: 3797.558 Executing VM operation: Cleanup
Event: 3797.558 Executing VM operation: Cleanup done
Event: 3799.559 Executing VM operation: Cleanup
Event: 3799.559 Executing VM operation: Cleanup done
Event: 3848.705 Executing VM operation: HandshakeAllThreads
Event: 3848.705 Executing VM operation: HandshakeAllThreads done

Events (20 events):
Event: 3797.518 Thread 0x0000017ee42dd230 Thread added: 0x0000017ee42dd230
Event: 3798.807 Thread 0x0000017ee42e04d0 Thread added: 0x0000017ee42e04d0
Event: 3798.807 Thread 0x0000017ee42e1e20 Thread added: 0x0000017ee42e1e20
Event: 3798.808 Thread 0x0000017ee42dc810 Thread added: 0x0000017ee42dc810
Event: 3798.810 Thread 0x0000017ee42dd740 Thread added: 0x0000017ee42dd740
Event: 3798.815 Thread 0x0000017ee42dbdf0 Thread added: 0x0000017ee42dbdf0
Event: 3801.818 Thread 0x0000017ee42e1400 Thread exited: 0x0000017ee42e1400
Event: 3856.774 Thread 0x0000017ee42db8e0 Thread exited: 0x0000017ee42db8e0
Event: 3856.774 Thread 0x0000017ee42dcd20 Thread exited: 0x0000017ee42dcd20
Event: 3857.515 Thread 0x0000017ee42e1910 Thread exited: 0x0000017ee42e1910
Event: 3858.811 Thread 0x0000017ee42df090 Thread exited: 0x0000017ee42df090
Event: 3858.811 Thread 0x0000017ee42dc810 Thread exited: 0x0000017ee42dc810
Event: 3858.811 Thread 0x0000017ee42e1e20 Thread exited: 0x0000017ee42e1e20
Event: 3858.813 Thread 0x0000017ee42dd740 Thread exited: 0x0000017ee42dd740
Event: 3858.815 Thread 0x0000017ee42ddc50 Thread exited: 0x0000017ee42ddc50
Event: 3858.815 Thread 0x0000017ee42dd230 Thread exited: 0x0000017ee42dd230
Event: 3858.817 Thread 0x0000017ee42dbdf0 Thread exited: 0x0000017ee42dbdf0
Event: 3913.459 Thread 0x0000017ee42e0ef0 Thread added: 0x0000017ee42e0ef0
Event: 3913.460 Thread 0x0000017ee42df090 Thread added: 0x0000017ee42df090
Event: 3913.460 Thread 0x0000017ee42dd740 Thread added: 0x0000017ee42dd740


Dynamic libraries:
0x00007ff689240000 - 0x00007ff68924e000 	C:\SmartPolicyProject\AutomationSupport\eclipse\plugins\org.eclipse.justj.openjdk.hotspot.jre.full.win32.x86_64_17.0.10.v20240120-1143\jre\bin\javaw.exe
0x00007ffcfd540000 - 0x00007ffcfd72e000 	C:\Windows\SYSTEM32\ntdll.dll
0x00007ffcfccd0000 - 0x00007ffcfcd83000 	C:\Windows\System32\KERNEL32.DLL
0x00007ffcf95c0000 - 0x00007ffcf985d000 	C:\Windows\System32\KERNELBASE.dll
0x00007ffcf9b80000 - 0x00007ffcf9c7a000 	C:\Windows\System32\ucrtbase.dll
0x00007ffce9600000 - 0x00007ffce9617000 	C:\SmartPolicyProject\AutomationSupport\eclipse\plugins\org.eclipse.justj.openjdk.hotspot.jre.full.win32.x86_64_17.0.10.v20240120-1143\jre\bin\jli.dll
0x00007ffcfa830000 - 0x00007ffcfa9c7000 	C:\Windows\System32\USER32.dll
0x00007ffcf9900000 - 0x00007ffcf9920000 	C:\Windows\System32\win32u.dll
0x00007ffcfa9d0000 - 0x00007ffcfa9f9000 	C:\Windows\System32\GDI32.dll
0x00007ffcfa5b0000 - 0x00007ffcfa75a000 	C:\Windows\System32\gdi32full.dll
0x00007ffcfa480000 - 0x00007ffcfa520000 	C:\Windows\System32\msvcp_win.dll
0x00007ffce5a50000 - 0x00007ffce5a6b000 	C:\SmartPolicyProject\AutomationSupport\eclipse\plugins\org.eclipse.justj.openjdk.hotspot.jre.full.win32.x86_64_17.0.10.v20240120-1143\jre\bin\VCRUNTIME140.dll
0x00007ffcea630000 - 0x00007ffcea8a9000 	C:\Windows\WinSxS\amd64_microsoft.windows.common-controls_6595b64144ccf1df_6.0.17763.5576_none_de7462b453487ecb\COMCTL32.dll
0x00007ffcfadb0000 - 0x00007ffcfae4e000 	C:\Windows\System32\msvcrt.dll
0x00007ffcfaa80000 - 0x00007ffcfadab000 	C:\Windows\System32\combase.dll
0x00007ffcfcbb0000 - 0x00007ffcfcccd000 	C:\Windows\System32\RPCRT4.dll
0x00007ffcfa520000 - 0x00007ffcfa5a2000 	C:\Windows\System32\bcryptPrimitives.dll
0x00007ffcfcad0000 - 0x00007ffcfcafe000 	C:\Windows\System32\IMM32.DLL
0x00007ffcedea0000 - 0x00007ffcedeac000 	C:\SmartPolicyProject\AutomationSupport\eclipse\plugins\org.eclipse.justj.openjdk.hotspot.jre.full.win32.x86_64_17.0.10.v20240120-1143\jre\bin\vcruntime140_1.dll
0x00007ffce5920000 - 0x00007ffce59ad000 	C:\SmartPolicyProject\AutomationSupport\eclipse\plugins\org.eclipse.justj.openjdk.hotspot.jre.full.win32.x86_64_17.0.10.v20240120-1143\jre\bin\msvcp140.dll
0x00007ffcd99f0000 - 0x00007ffcda652000 	C:\SmartPolicyProject\AutomationSupport\eclipse\plugins\org.eclipse.justj.openjdk.hotspot.jre.full.win32.x86_64_17.0.10.v20240120-1143\jre\bin\server\jvm.dll
0x00007ffcfb080000 - 0x00007ffcfb128000 	C:\Windows\System32\ADVAPI32.dll
0x00007ffcfcb00000 - 0x00007ffcfcba2000 	C:\Windows\System32\sechost.dll
0x00007ffcf98b0000 - 0x00007ffcf98d6000 	C:\Windows\System32\bcrypt.dll
0x00007ffcf9510000 - 0x00007ffcf956d000 	C:\Windows\System32\POWRPROF.dll
0x00007ffcecb80000 - 0x00007ffcecb89000 	C:\Windows\SYSTEM32\WSOCK32.dll
0x00007ffcfc980000 - 0x00007ffcfc9ed000 	C:\Windows\System32\WS2_32.dll
0x00007ffcf71a0000 - 0x00007ffcf71c4000 	C:\Windows\SYSTEM32\WINMM.dll
0x00007ffcf2180000 - 0x00007ffcf218a000 	C:\Windows\SYSTEM32\VERSION.dll
0x00007ffcf6f80000 - 0x00007ffcf6fad000 	C:\Windows\SYSTEM32\WINMMBASE.dll
0x00007ffcf9860000 - 0x00007ffcf98aa000 	C:\Windows\System32\cfgmgr32.dll
0x00007ffcf95a0000 - 0x00007ffcf95b1000 	C:\Windows\System32\kernel.appcore.dll
0x00007ffce9690000 - 0x00007ffce969a000 	C:\SmartPolicyProject\AutomationSupport\eclipse\plugins\org.eclipse.justj.openjdk.hotspot.jre.full.win32.x86_64_17.0.10.v20240120-1143\jre\bin\jimage.dll
0x00007ffceb500000 - 0x00007ffceb6ed000 	C:\Windows\SYSTEM32\DBGHELP.DLL
0x00007ffceb380000 - 0x00007ffceb3aa000 	C:\Windows\SYSTEM32\dbgcore.DLL
0x00007ffce9570000 - 0x00007ffce9595000 	C:\SmartPolicyProject\AutomationSupport\eclipse\plugins\org.eclipse.justj.openjdk.hotspot.jre.full.win32.x86_64_17.0.10.v20240120-1143\jre\bin\java.dll
0x00007ffce71c0000 - 0x00007ffce71d8000 	C:\SmartPolicyProject\AutomationSupport\eclipse\plugins\org.eclipse.justj.openjdk.hotspot.jre.full.win32.x86_64_17.0.10.v20240120-1143\jre\bin\zip.dll
0x00007ffcfb190000 - 0x00007ffcfc688000 	C:\Windows\System32\SHELL32.dll
0x00007ffcfa760000 - 0x00007ffcfa807000 	C:\Windows\System32\shcore.dll
0x00007ffcf9c80000 - 0x00007ffcfa3c7000 	C:\Windows\System32\windows.storage.dll
0x00007ffcf9570000 - 0x00007ffcf9593000 	C:\Windows\System32\profapi.dll
0x00007ffcfb130000 - 0x00007ffcfb182000 	C:\Windows\System32\shlwapi.dll
0x00007ffcf98e0000 - 0x00007ffcf98fb000 	C:\Windows\System32\cryptsp.dll
0x00007ffce7170000 - 0x00007ffce7189000 	C:\SmartPolicyProject\AutomationSupport\eclipse\plugins\org.eclipse.justj.openjdk.hotspot.jre.full.win32.x86_64_17.0.10.v20240120-1143\jre\bin\net.dll
0x00007ffcf4420000 - 0x00007ffcf451d000 	C:\Windows\SYSTEM32\WINHTTP.dll
0x00007ffcf8ce0000 - 0x00007ffcf8d47000 	C:\Windows\system32\mswsock.dll
0x00007ffce7150000 - 0x00007ffce7166000 	C:\SmartPolicyProject\AutomationSupport\eclipse\plugins\org.eclipse.justj.openjdk.hotspot.jre.full.win32.x86_64_17.0.10.v20240120-1143\jre\bin\nio.dll
0x00007ffce7590000 - 0x00007ffce75a0000 	C:\SmartPolicyProject\AutomationSupport\eclipse\plugins\org.eclipse.justj.openjdk.hotspot.jre.full.win32.x86_64_17.0.10.v20240120-1143\jre\bin\verify.dll
0x00007ffcf00b0000 - 0x00007ffcf00b9000 	C:\SmartPolicyProject\AutomationSupport\eclipse\plugins\org.eclipse.justj.openjdk.hotspot.jre.full.win32.x86_64_17.0.10.v20240120-1143\jre\bin\management.dll
0x00007ffce96a0000 - 0x00007ffce96ab000 	C:\SmartPolicyProject\AutomationSupport\eclipse\plugins\org.eclipse.justj.openjdk.hotspot.jre.full.win32.x86_64_17.0.10.v20240120-1143\jre\bin\management_ext.dll
0x00007ffcfa810000 - 0x00007ffcfa818000 	C:\Windows\System32\PSAPI.DLL
0x00007ffce51c0000 - 0x00007ffce51d6000 	C:\Windows\system32\napinsp.dll
0x00007ffcf8a40000 - 0x00007ffcf8b06000 	C:\Windows\SYSTEM32\DNSAPI.dll
0x00007ffcfa820000 - 0x00007ffcfa828000 	C:\Windows\System32\NSI.dll
0x00007ffcf89f0000 - 0x00007ffcf8a2d000 	C:\Windows\SYSTEM32\IPHLPAPI.DLL
0x00007ffce5420000 - 0x00007ffce542e000 	C:\Windows\System32\winrnr.dll
0x00007ffcf4210000 - 0x00007ffcf422b000 	C:\Windows\system32\NLAapi.dll
0x00007ffce4d30000 - 0x00007ffce4d45000 	C:\Windows\system32\wshbth.dll
0x00007ffcf16e0000 - 0x00007ffcf16ea000 	C:\Windows\System32\rasadhlp.dll
0x00007ffcf2590000 - 0x00007ffcf2609000 	C:\Windows\System32\fwpuclnt.dll
0x00007ffce5210000 - 0x00007ffce5219000 	C:\SmartPolicyProject\AutomationSupport\eclipse\plugins\org.eclipse.justj.openjdk.hotspot.jre.full.win32.x86_64_17.0.10.v20240120-1143\jre\bin\extnet.dll
0x00007ffcf8860000 - 0x00007ffcf8893000 	C:\Windows\system32\rsaenh.dll
0x00007ffcf93f0000 - 0x00007ffcf9419000 	C:\Windows\SYSTEM32\USERENV.dll
0x00007ffcf8eb0000 - 0x00007ffcf8ebc000 	C:\Windows\SYSTEM32\CRYPTBASE.dll
0x00007ffcf2220000 - 0x00007ffcf2236000 	C:\Windows\SYSTEM32\dhcpcsvc6.DLL
0x00007ffcf2200000 - 0x00007ffcf221c000 	C:\Windows\SYSTEM32\dhcpcsvc.DLL
0x00007ffce5a40000 - 0x00007ffce5a4e000 	C:\SmartPolicyProject\AutomationSupport\eclipse\plugins\org.eclipse.justj.openjdk.hotspot.jre.full.win32.x86_64_17.0.10.v20240120-1143\jre\bin\sunmscapi.dll
0x00007ffcf9980000 - 0x00007ffcf9b7e000 	C:\Windows\System32\CRYPT32.dll
0x00007ffcf94f0000 - 0x00007ffcf9502000 	C:\Windows\System32\MSASN1.dll
0x00007ffcf8fb0000 - 0x00007ffcf8fdc000 	C:\Windows\SYSTEM32\ncrypt.dll
0x00007ffcf8f70000 - 0x00007ffcf8fac000 	C:\Windows\SYSTEM32\NTASN1.dll
0x00007ffce5910000 - 0x00007ffce5917000 	C:\Windows\system32\wshunix.dll

dbghelp: loaded successfully - version: 4.0.5 - missing functions: none
symbol engine: initialized successfully - sym options: 0x614 - pdb path: .;C:\SmartPolicyProject\AutomationSupport\eclipse\plugins\org.eclipse.justj.openjdk.hotspot.jre.full.win32.x86_64_17.0.10.v20240120-1143\jre\bin;C:\Windows\SYSTEM32;C:\Windows\WinSxS\amd64_microsoft.windows.common-controls_6595b64144ccf1df_6.0.17763.5576_none_de7462b453487ecb;C:\SmartPolicyProject\AutomationSupport\eclipse\plugins\org.eclipse.justj.openjdk.hotspot.jre.full.win32.x86_64_17.0.10.v20240120-1143\jre\bin\server

VM Arguments:
jvm_args: -ea -Dfile.encoding=UTF-8 -Dstdout.encoding=UTF-8 -Dstderr.encoding=UTF-8 -XX:+ShowCodeDetailsInExceptionMessages 
java_command: org.testng.remote.RemoteTestNG -serport 51048 -protocol json -d C:\Users\Administrator\git\repository\SmartPolicy-BrokerPortal\test-output C:\Users\ADMINI~1\AppData\Local\Temp\2\testng-eclipse-1375968472\testng-customsuite.xml
java_class_path (initial): C:\SmartPolicyProject\AutomationSupport\eclipse\configuration\org.eclipse.osgi\546\0\.cp\lib\testng-remote.jar;C:\Users\Administrator\git\repository\SmartPolicy-BrokerPortal\target\test-classes;C:\Users\Administrator\git\repository\SmartPolicy-BrokerPortal\target\classes;C:\Users\Administrator\.m2\repository\net\bytebuddy\byte-buddy\1.8.15\byte-buddy-1.8.15.jar;C:\Users\Administrator\.m2\repository\org\apache\commons\commons-exec\1.3\commons-exec-1.3.jar;C:\Users\Administrator\.m2\repository\com\google\guava\guava\25.0-jre\guava-25.0-jre.jar;C:\Users\Administrator\.m2\repository\com\google\code\findbugs\jsr305\1.3.9\jsr305-1.3.9.jar;C:\Users\Administrator\.m2\repository\org\checkerframework\checker-compat-qual\2.0.0\checker-compat-qual-2.0.0.jar;C:\Users\Administrator\.m2\repository\com\google\errorprone\error_prone_annotations\2.1.3\error_prone_annotations-2.1.3.jar;C:\Users\Administrator\.m2\repository\com\google\j2objc\j2objc-annotations\1.1\j2objc-annotations-1.1.jar;C:\Users\Administrator\.m2\repository\org\codehaus\mojo\animal-sniffer-annotations\1.14\animal-sniffer-annotations-1.14.jar;C:\Users\Administrator\.m2\repository\com\squareup\okhttp3\okhttp\3.11.0\okhttp-3.11.0.jar;C:\Users\Administrator\.m2\repository\com\squareup\okio\okio\1.14.0\okio-1.14.0.jar;C:\Users\Administrator\.m2\repository\junit\junit\3.8.1\junit-3.8.1.jar;C:\SmartPolicyProject\AutomationSupport\eclipse\plugins\org.junit_4.13.2.v20230809-1000.jar;C:\SmartPolicyProject\AutomationSupport\eclipse\plugins\org.hamcrest_2.2.0.jar;C:\SmartPolicyProject\AutomationSupport\eclipse\plugins\org.hamcrest.core_2.2.0.v20230809-1000.jar;C:\Users\Administrator\.m2\repository\org\seleniumhq\selenium\selenium-java\4.18.1\selenium-java-4.18.1.jar;C:\Users\Administrator\.m2\repository\org\seleniumhq\selenium\selenium-api\4.18.1\selenium-api-4.18.1.jar;C:\Users\Administrator\.m2\repository\org\seleniumhq\selenium\selenium-chrome-driver\4.18.1\selenium-chrome-driver-4.18.1.jar;C:\U
Launcher Type: SUN_STANDARD

[Global flags]
     intx CICompilerCount                          = 3                                         {product} {ergonomic}
     uint ConcGCThreads                            = 1                                         {product} {ergonomic}
     uint G1ConcRefinementThreads                  = 4                                         {product} {ergonomic}
   size_t G1HeapRegionSize                         = 1048576                                   {product} {ergonomic}
    uintx GCDrainStackTargetSize                   = 64                                        {product} {ergonomic}
   size_t InitialHeapSize                          = 132120576                                 {product} {ergonomic}
   size_t MarkStackSize                            = 4194304                                   {product} {ergonomic}
   size_t MaxHeapSize                              = 2097152000                                {product} {ergonomic}
   size_t MaxNewSize                               = 1258291200                                {product} {ergonomic}
   size_t MinHeapDeltaBytes                        = 1048576                                   {product} {ergonomic}
   size_t MinHeapSize                              = 8388608                                   {product} {ergonomic}
    uintx NonNMethodCodeHeapSize                   = 5832780                                {pd product} {ergonomic}
    uintx NonProfiledCodeHeapSize                  = 122912730                              {pd product} {ergonomic}
    uintx ProfiledCodeHeapSize                     = 122912730                              {pd product} {ergonomic}
    uintx ReservedCodeCacheSize                    = 251658240                              {pd product} {ergonomic}
     bool SegmentedCodeCache                       = true                                      {product} {ergonomic}
     bool ShowCodeDetailsInExceptionMessages       = true                                   {manageable} {command line}
   size_t SoftMaxHeapSize                          = 2097152000                             {manageable} {ergonomic}
     bool UseCompressedClassPointers               = true                           {product lp64_product} {ergonomic}
     bool UseCompressedOops                        = true                           {product lp64_product} {ergonomic}
     bool UseG1GC                                  = true                                      {product} {ergonomic}
     bool UseLargePagesIndividualAllocation        = false                                  {pd product} {ergonomic}

Logging:
Log output configuration:
 #0: stdout all=warning uptime,level,tags
 #1: stderr all=off uptime,level,tags

Environment Variables:
JAVA_HOME=C:\Program Files\Java\jdk-17
PATH=C:/SmartPolicyProject/AutomationSupport/eclipse//plugins/org.eclipse.justj.openjdk.hotspot.jre.full.win32.x86_64_17.0.10.v20240120-1143/jre/bin/server;C:/SmartPolicyProject/AutomationSupport/eclipse//plugins/org.eclipse.justj.openjdk.hotspot.jre.full.win32.x86_64_17.0.10.v20240120-1143/jre/bin;C:\Program Files\Common Files\Oracle\Java\javapath;C:\app\Administrator\product\11.2.0\client_1;C:\app\Administrator\product\11.2.0\client_1\bin;C:\Windows\system32;C:\Windows;C:\Windows\System32\Wbem;C:\Windows\System32\WindowsPowerShell\v1.0\;C:\Windows\System32\OpenSSH\;C:\composer;C:\php;C:\php\php-8.1.17-nts-Win32-vs16-x64;C:\Program Files\Java\jdk-17\bin;C:\SmartPolicyProject\AutomationSupport\apache-maven-3.9.6\bin;C:\Program Files\Git\cmd;C:\allure-2.32.0\bin;C:\Users\Administrator\AppData\Local\Microsoft\WindowsApps;C:\Users\Administrator\AppData\Roaming\Composer\vendor\bin;C:\php;C:\allure-2.32.0\bin;;C:\SmartPolicyProject\AutomationSupport\eclipse;
USERNAME=Administrator
OS=Windows_NT
PROCESSOR_IDENTIFIER=Intel64 Family 6 Model 85 Stepping 4, GenuineIntel
TMP=C:\Users\ADMINI~1\AppData\Local\Temp\2
TEMP=C:\Users\ADMINI~1\AppData\Local\Temp\2



Periodic native trim disabled


---------------  S Y S T E M  ---------------

OS:
 Windows Server 2019 , 64 bit Build 17763 (10.0.17763.4974)
OS uptime: 9 days 23:50 hours
Hyper-V virtualization detected

CPU: total 4 (initial active 4) (2 cores per cpu, 2 threads per core) family 6 model 85 stepping 4 microcode 0xffffffff, cx8, cmov, fxsr, ht, mmx, 3dnowpref, sse, sse2, sse3, ssse3, sse4.1, sse4.2, popcnt, lzcnt, tsc, avx, avx2, aes, erms, clmul, bmi1, bmi2, rtm, adx, fma, vzeroupper, clflush, clflushopt, clwb, hv
Processor Information for all 4 processors :
  Max Mhz: 2095, Current Mhz: 2095, Mhz Limit: 2095

Memory: 4k page, system-wide physical 7999M (121M free)
TotalPageFile size 15663M (AvailPageFile size 0M)
current process WorkingSet (physical memory assigned to process): 170M, peak: 237M
current process commit charge ("private bytes"): 265M, peak: 284M

vm_info: OpenJDK 64-Bit Server VM (17.0.10+7) for windows-amd64 JRE (17.0.10+7), built on Jan 16 2024 23:25:11 by "admin" with MS VC++ 16.10 / 16.11 (VS2019)

END.
