#
# There is insufficient memory for the Java Runtime Environment to continue.
# Native memory allocation (malloc) failed to allocate 649984 bytes for Chunk::new
# Possible reasons:
#   The system is out of physical RAM or swap space
#   The process is running with CompressedOops enabled, and the Java Heap may be blocking the growth of the native heap
# Possible solutions:
#   Reduce memory load on the system
#   Increase physical memory or swap space
#   Check if swap backing store is full
#   Decrease Java heap size (-Xmx/-Xms)
#   Decrease number of Java threads
#   Decrease Java thread stack sizes (-Xss)
#   Set larger code cache with -XX:ReservedCodeCacheSize=
#   JVM is running with Unscaled Compressed Oops mode in which the Java heap is
#     placed in the first 4GB address space. The Java Heap base address is the
#     maximum limit for the native heap growth. Please use -XX:HeapBaseMinAddress
#     to set the Java Heap base and to place the Java Heap above 4GB virtual address.
# This output file may be truncated or incomplete.
#
#  Out of Memory Error (arena.cpp:191), pid=64748, tid=61220
#
# JRE version: OpenJDK Runtime Environment Temurin-17.0.10+7 (17.0.10+7) (build 17.0.10+7)
# Java VM: OpenJDK 64-Bit Server VM Temurin-17.0.10+7 (17.0.10+7, mixed mode, tiered, compressed oops, compressed class ptrs, g1 gc, windows-amd64)
# Core dump will be written. Default location: C:\Users\Administrator\git\repository\SmartPolicy-BrokerPortal\hs_err_pid64748.mdmp
#

---------------  S U M M A R Y ------------

Command Line: -ea -Dfile.encoding=UTF-8 -Dstdout.encoding=UTF-8 -Dstderr.encoding=UTF-8 -XX:+ShowCodeDetailsInExceptionMessages org.testng.remote.RemoteTestNG -serport 65025 -protocol json -d C:\Users\Administrator\git\repository\SmartPolicy-BrokerPortal\test-output C:\Users\ADMINI~1\AppData\Local\Temp\2\testng-eclipse--791464111\testng-customsuite.xml

Host: Intel(R) Xeon(R) Silver 4110 CPU @ 2.10GHz, 4 cores, 7G,  Windows Server 2019 , 64 bit Build 17763 (10.0.17763.4974)
Time: Fri Jan 23 15:55:11 2026 E. Africa Standard Time elapsed time: 8688.302742 seconds (0d 2h 24m 48s)

---------------  T H R E A D  ---------------

Current thread (0x000001927172b030):  JavaThread "C2 CompilerThread0" daemon [_thread_in_native, id=61220, stack(0x0000003fcfb00000,0x0000003fcfc00000)]


Current CompileTask:
C2:8688302 7936       4       org.openqa.selenium.remote.http.HttpMessage::getHeaders (57 bytes)

Stack: [0x0000003fcfb00000,0x0000003fcfc00000]
Native frames: (J=compiled Java code, j=interpreted, Vv=VM code, C=native code)
V  [jvm.dll+0x67d2c9]
V  [jvm.dll+0x834afa]
V  [jvm.dll+0x8365be]
V  [jvm.dll+0x836c23]
V  [jvm.dll+0x2477ff]
V  [jvm.dll+0xac514]
V  [jvm.dll+0xacb5c]
V  [jvm.dll+0x3667d7]
V  [jvm.dll+0x330bfa]
V  [jvm.dll+0x33009a]
V  [jvm.dll+0x219ef1]
V  [jvm.dll+0x219311]
V  [jvm.dll+0x1a502d]
V  [jvm.dll+0x2290de]
V  [jvm.dll+0x2272ac]
V  [jvm.dll+0x7e9bb7]
V  [jvm.dll+0x7e3fba]
V  [jvm.dll+0x67c1b5]
C  [ucrtbase.dll+0x2268a]
C  [KERNEL32.DLL+0x17ac4]
C  [ntdll.dll+0x5a4e1]


---------------  P R O C E S S  ---------------

Threads class SMR info:
_java_thread_list=0x0000019276aff5d0, length=31, elements={
0x0000019257ee77a0, 0x00000192716f7270, 0x00000192716fcf90, 0x00000192716ae5e0,
0x00000192716afec0, 0x00000192716b0fd0, 0x00000192716b25e0, 0x000001927172b030,
0x000001927172b970, 0x00000192716b4f80, 0x0000019271895580, 0x00000192718a5ee0,
0x0000019276da82a0, 0x00000192774d4040, 0x0000019278204020, 0x0000019278a04430,
0x0000019278a03500, 0x00000192789fe910, 0x0000019278a01bb0, 0x00000192789ffd50,
0x00000192789fee20, 0x0000019278a016a0, 0x0000019278a025d0, 0x0000019278a00c80,
0x0000019278a00770, 0x0000019278a02ae0, 0x0000019278a01190, 0x00000192789ff840,
0x0000019278a02ff0, 0x0000019278a03a10, 0x0000019278a00260
}

Java Threads: ( => current thread )
  0x0000019257ee77a0 JavaThread "main" [_thread_blocked, id=65144, stack(0x0000003fcee00000,0x0000003fcef00000)]
  0x00000192716f7270 JavaThread "Reference Handler" daemon [_thread_blocked, id=63560, stack(0x0000003fcf500000,0x0000003fcf600000)]
  0x00000192716fcf90 JavaThread "Finalizer" daemon [_thread_blocked, id=52468, stack(0x0000003fcf600000,0x0000003fcf700000)]
  0x00000192716ae5e0 JavaThread "Signal Dispatcher" daemon [_thread_blocked, id=65068, stack(0x0000003fcf700000,0x0000003fcf800000)]
  0x00000192716afec0 JavaThread "Attach Listener" daemon [_thread_blocked, id=57512, stack(0x0000003fcf800000,0x0000003fcf900000)]
  0x00000192716b0fd0 JavaThread "Service Thread" daemon [_thread_blocked, id=65124, stack(0x0000003fcf900000,0x0000003fcfa00000)]
  0x00000192716b25e0 JavaThread "Monitor Deflation Thread" daemon [_thread_blocked, id=58944, stack(0x0000003fcfa00000,0x0000003fcfb00000)]
=>0x000001927172b030 JavaThread "C2 CompilerThread0" daemon [_thread_in_native, id=61220, stack(0x0000003fcfb00000,0x0000003fcfc00000)]
  0x000001927172b970 JavaThread "C1 CompilerThread0" daemon [_thread_blocked, id=65092, stack(0x0000003fcfc00000,0x0000003fcfd00000)]
  0x00000192716b4f80 JavaThread "Sweeper thread" daemon [_thread_blocked, id=65460, stack(0x0000003fcfd00000,0x0000003fcfe00000)]
  0x0000019271895580 JavaThread "Notification Thread" daemon [_thread_blocked, id=32108, stack(0x0000003fcfe00000,0x0000003fcff00000)]
  0x00000192718a5ee0 JavaThread "Common-Cleaner" daemon [_thread_blocked, id=64152, stack(0x0000003fd0000000,0x0000003fd0100000)]
  0x0000019276da82a0 JavaThread "ReaderThread" [_thread_in_native, id=46544, stack(0x0000003fd0500000,0x0000003fd0600000)]
  0x00000192774d4040 JavaThread "TestNG-PoolService-1" [_thread_blocked, id=5952, stack(0x0000003fd0700000,0x0000003fd0800000)]
  0x0000019278204020 JavaThread "Forwarding sendKeysToElement on session 99dc67643d3c58bf3455f143f8ee1072 to remote" [_thread_in_native, id=65904, stack(0x0000003fd0800000,0x0000003fd0900000)]
  0x0000019278a04430 JavaThread "OkHttp ConnectionPool" daemon [_thread_blocked, id=65008, stack(0x0000003fd1400000,0x0000003fd1500000)]
  0x0000019278a03500 JavaThread "Okio Watchdog" daemon [_thread_blocked, id=49504, stack(0x0000003fd1500000,0x0000003fd1600000)]
  0x00000192789fe910 JavaThread "Exec Default Executor" daemon [_thread_in_native, id=65436, stack(0x0000003fced00000,0x0000003fcee00000)]
  0x0000019278a01bb0 JavaThread "Exec Stream Pumper" daemon [_thread_in_native, id=65216, stack(0x0000003fd0600000,0x0000003fd0700000)]
  0x00000192789ffd50 JavaThread "Exec Stream Pumper" daemon [_thread_in_native, id=59288, stack(0x0000003fd0b00000,0x0000003fd0c00000)]
  0x00000192789fee20 JavaThread "Exec Default Executor" daemon [_thread_in_native, id=64188, stack(0x0000003fcec00000,0x0000003fced00000)]
  0x0000019278a016a0 JavaThread "Exec Stream Pumper" daemon [_thread_in_native, id=60848, stack(0x0000003fd0f00000,0x0000003fd1000000)]
  0x0000019278a025d0 JavaThread "Exec Stream Pumper" daemon [_thread_in_native, id=56172, stack(0x0000003fd1000000,0x0000003fd1100000)]
  0x0000019278a00c80 JavaThread "Exec Default Executor" daemon [_thread_in_native, id=58512, stack(0x0000003fd0c00000,0x0000003fd0d00000)]
  0x0000019278a00770 JavaThread "Exec Stream Pumper" daemon [_thread_in_native, id=63284, stack(0x0000003fd0d00000,0x0000003fd0e00000)]
  0x0000019278a02ae0 JavaThread "Exec Stream Pumper" daemon [_thread_in_native, id=65288, stack(0x0000003fd0e00000,0x0000003fd0f00000)]
  0x0000019278a01190 JavaThread "Exec Default Executor" daemon [_thread_in_native, id=66336, stack(0x0000003fd0100000,0x0000003fd0200000)]
  0x00000192789ff840 JavaThread "UrlChecker-16" daemon [_thread_blocked, id=65592, stack(0x0000003fd1100000,0x0000003fd1200000)]
  0x0000019278a02ff0 JavaThread "Exec Stream Pumper" daemon [_thread_in_native, id=59244, stack(0x0000003fd1200000,0x0000003fd1300000)]
  0x0000019278a03a10 JavaThread "Exec Stream Pumper" daemon [_thread_in_native, id=63428, stack(0x0000003fd1300000,0x0000003fd1400000)]
  0x0000019278a00260 JavaThread "Keep-Alive-Timer" daemon [_thread_blocked, id=49788, stack(0x0000003fd1600000,0x0000003fd1700000)]

Other Threads:
  0x00000192716de620 VMThread "VM Thread" [stack: 0x0000003fcf400000,0x0000003fcf500000] [id=49412]
  0x0000019271899a70 WatcherThread [stack: 0x0000003fcff00000,0x0000003fd0000000] [id=65232]
  0x0000019257f44310 GCTaskThread "GC Thread#0" [stack: 0x0000003fcef00000,0x0000003fcf000000] [id=46892]
  0x0000019276a0f530 GCTaskThread "GC Thread#1" [stack: 0x0000003fd0200000,0x0000003fd0300000] [id=61488]
  0x0000019276a0f7f0 GCTaskThread "GC Thread#2" [stack: 0x0000003fd0300000,0x0000003fd0400000] [id=64736]
  0x00000192766ba110 GCTaskThread "GC Thread#3" [stack: 0x0000003fd0400000,0x0000003fd0500000] [id=65116]
  0x0000019257f55080 ConcurrentGCThread "G1 Main Marker" [stack: 0x0000003fcf000000,0x0000003fcf100000] [id=48400]
  0x0000019257f56410 ConcurrentGCThread "G1 Conc#0" [stack: 0x0000003fcf100000,0x0000003fcf200000] [id=57280]
  0x0000019257f7e920 ConcurrentGCThread "G1 Refine#0" [stack: 0x0000003fcf200000,0x0000003fcf300000] [id=64784]
  0x0000019277a22d60 ConcurrentGCThread "G1 Refine#1" [stack: 0x0000003fd0900000,0x0000003fd0a00000] [id=66532]
  0x00000192789ac850 ConcurrentGCThread "G1 Refine#2" [stack: 0x0000003fd0a00000,0x0000003fd0b00000] [id=66536]
  0x0000019257f7ec10 ConcurrentGCThread "G1 Service" [stack: 0x0000003fcf300000,0x0000003fcf400000] [id=46860]

Threads with active compile tasks:
C2 CompilerThread0  8688342 7936       4       org.openqa.selenium.remote.http.HttpMessage::getHeaders (57 bytes)

VM state: not at safepoint (normal execution)

VM Mutex/Monitor currently owned by a thread: None

Heap address: 0x0000000080000000, size: 2048 MB, Compressed Oops mode: 32-bit

CDS archive(s) not mapped
Compressed class space mapped at: 0x0000000100000000-0x0000000140000000, reserved size: 1073741824
Narrow klass base: 0x0000000000000000, Narrow klass shift: 3, Narrow klass range: 0x140000000

GC Precious Log:
 CPUs: 4 total, 4 available
 Memory: 8191M
 Large Page Support: Disabled
 NUMA Support: Disabled
 Compressed Oops: Enabled (32-bit)
 Heap Region Size: 1M
 Heap Min Capacity: 8M
 Heap Initial Capacity: 128M
 Heap Max Capacity: 2G
 Pre-touch: Disabled
 Parallel Workers: 4
 Concurrent Workers: 1
 Concurrent Refinement Workers: 4
 Periodic GC: Disabled

Heap:
 garbage-first heap   total 90112K, used 44123K [0x0000000080000000, 0x0000000100000000)
  region size 1024K, 18 young (18432K), 2 survivors (2048K)
 Metaspace       used 55793K, committed 56320K, reserved 1114112K
  class space    used 6259K, committed 6528K, reserved 1048576K

Heap Regions: E=young(eden), S=young(survivor), O=old, HS=humongous(starts), HC=humongous(continues), CS=collection set, F=free, OA=open archive, CA=closed archive, TAMS=top-at-mark-start (previous, next)
|   0|0x0000000080000000, 0x0000000080100000, 0x0000000080100000|100%| O|  |TAMS 0x0000000080100000, 0x0000000080100000| Untracked 
|   1|0x0000000080100000, 0x0000000080200000, 0x0000000080200000|100%| O|  |TAMS 0x0000000080200000, 0x0000000080200000| Untracked 
|   2|0x0000000080200000, 0x0000000080300000, 0x0000000080300000|100%| O|  |TAMS 0x0000000080300000, 0x0000000080300000| Untracked 
|   3|0x0000000080300000, 0x0000000080400000, 0x0000000080400000|100%| O|  |TAMS 0x0000000080400000, 0x0000000080400000| Untracked 
|   4|0x0000000080400000, 0x0000000080500000, 0x0000000080500000|100%| O|  |TAMS 0x0000000080500000, 0x0000000080500000| Untracked 
|   5|0x0000000080500000, 0x0000000080600000, 0x0000000080600000|100%| O|  |TAMS 0x0000000080500000, 0x0000000080600000| Untracked 
|   6|0x0000000080600000, 0x0000000080700000, 0x0000000080700000|100%| O|  |TAMS 0x0000000080700000, 0x0000000080700000| Untracked 
|   7|0x0000000080700000, 0x0000000080800000, 0x0000000080800000|100%| O|  |TAMS 0x0000000080800000, 0x0000000080800000| Untracked 
|   8|0x0000000080800000, 0x0000000080900000, 0x0000000080900000|100%| O|  |TAMS 0x0000000080900000, 0x0000000080900000| Untracked 
|   9|0x0000000080900000, 0x0000000080a00000, 0x0000000080a00000|100%| O|  |TAMS 0x0000000080a00000, 0x0000000080a00000| Untracked 
|  10|0x0000000080a00000, 0x0000000080b00000, 0x0000000080b00000|100%| O|  |TAMS 0x0000000080a00000, 0x0000000080a00000| Untracked 
|  11|0x0000000080b00000, 0x0000000080c00000, 0x0000000080c00000|100%| O|  |TAMS 0x0000000080b00000, 0x0000000080c00000| Untracked 
|  12|0x0000000080c00000, 0x0000000080d00000, 0x0000000080d00000|100%| O|  |TAMS 0x0000000080c00000, 0x0000000080d00000| Untracked 
|  13|0x0000000080d00000, 0x0000000080e00000, 0x0000000080e00000|100%| O|  |TAMS 0x0000000080d00000, 0x0000000080e00000| Untracked 
|  14|0x0000000080e00000, 0x0000000080f00000, 0x0000000080f00000|100%| O|  |TAMS 0x0000000080e00000, 0x0000000080f00000| Untracked 
|  15|0x0000000080f00000, 0x0000000081000000, 0x0000000081000000|100%| O|  |TAMS 0x0000000080f00000, 0x0000000080fb6000| Untracked 
|  16|0x0000000081000000, 0x0000000081100000, 0x0000000081100000|100%| O|  |TAMS 0x0000000081000000, 0x0000000081000000| Untracked 
|  17|0x0000000081100000, 0x0000000081200000, 0x0000000081200000|100%| O|  |TAMS 0x0000000081100000, 0x0000000081100000| Untracked 
|  18|0x0000000081200000, 0x0000000081300000, 0x0000000081300000|100%| O|  |TAMS 0x0000000081200000, 0x0000000081200000| Untracked 
|  19|0x0000000081300000, 0x0000000081400000, 0x0000000081400000|100%| O|  |TAMS 0x0000000081300000, 0x0000000081300000| Untracked 
|  20|0x0000000081400000, 0x0000000081500000, 0x0000000081500000|100%| O|  |TAMS 0x0000000081400000, 0x0000000081400000| Untracked 
|  21|0x0000000081500000, 0x0000000081600000, 0x0000000081600000|100%| O|  |TAMS 0x0000000081500000, 0x0000000081500000| Untracked 
|  22|0x0000000081600000, 0x0000000081700000, 0x0000000081700000|100%| O|  |TAMS 0x0000000081600000, 0x0000000081600000| Untracked 
|  23|0x0000000081700000, 0x0000000081800000, 0x0000000081800000|100%| O|  |TAMS 0x0000000081700000, 0x0000000081700000| Untracked 
|  24|0x0000000081800000, 0x0000000081900000, 0x0000000081900000|100%| O|  |TAMS 0x0000000081800000, 0x0000000081800000| Untracked 
|  25|0x0000000081900000, 0x0000000081a00000, 0x0000000081a00000|100%| O|  |TAMS 0x0000000081900000, 0x0000000081900000| Untracked 
|  26|0x0000000081a00000, 0x0000000081a9f600, 0x0000000081b00000| 62%| O|  |TAMS 0x0000000081a00000, 0x0000000081a00000| Untracked 
|  27|0x0000000081b00000, 0x0000000081b00000, 0x0000000081c00000|  0%| F|  |TAMS 0x0000000081b00000, 0x0000000081b00000| Untracked 
|  28|0x0000000081c00000, 0x0000000081c00000, 0x0000000081d00000|  0%| F|  |TAMS 0x0000000081c00000, 0x0000000081c00000| Untracked 
|  29|0x0000000081d00000, 0x0000000081d00000, 0x0000000081e00000|  0%| F|  |TAMS 0x0000000081d00000, 0x0000000081d00000| Untracked 
|  30|0x0000000081e00000, 0x0000000081e00000, 0x0000000081f00000|  0%| F|  |TAMS 0x0000000081e00000, 0x0000000081e00000| Untracked 
|  31|0x0000000081f00000, 0x0000000081f00000, 0x0000000082000000|  0%| F|  |TAMS 0x0000000081f00000, 0x0000000081f00000| Untracked 
|  32|0x0000000082000000, 0x0000000082000000, 0x0000000082100000|  0%| F|  |TAMS 0x0000000082000000, 0x0000000082000000| Untracked 
|  33|0x0000000082100000, 0x0000000082100000, 0x0000000082200000|  0%| F|  |TAMS 0x0000000082100000, 0x0000000082100000| Untracked 
|  34|0x0000000082200000, 0x0000000082200000, 0x0000000082300000|  0%| F|  |TAMS 0x0000000082200000, 0x0000000082200000| Untracked 
|  35|0x0000000082300000, 0x0000000082300000, 0x0000000082400000|  0%| F|  |TAMS 0x0000000082300000, 0x0000000082300000| Untracked 
|  36|0x0000000082400000, 0x0000000082400000, 0x0000000082500000|  0%| F|  |TAMS 0x0000000082400000, 0x0000000082400000| Untracked 
|  37|0x0000000082500000, 0x0000000082500000, 0x0000000082600000|  0%| F|  |TAMS 0x0000000082500000, 0x0000000082500000| Untracked 
|  38|0x0000000082600000, 0x0000000082600000, 0x0000000082700000|  0%| F|  |TAMS 0x0000000082600000, 0x0000000082600000| Untracked 
|  39|0x0000000082700000, 0x0000000082700000, 0x0000000082800000|  0%| F|  |TAMS 0x0000000082700000, 0x0000000082700000| Untracked 
|  40|0x0000000082800000, 0x0000000082800000, 0x0000000082900000|  0%| F|  |TAMS 0x0000000082800000, 0x0000000082800000| Untracked 
|  41|0x0000000082900000, 0x0000000082977910, 0x0000000082a00000| 46%| S|CS|TAMS 0x0000000082900000, 0x0000000082900000| Complete 
|  42|0x0000000082a00000, 0x0000000082a00000, 0x0000000082b00000|  0%| F|  |TAMS 0x0000000082a00000, 0x0000000082a00000| Untracked 
|  43|0x0000000082b00000, 0x0000000082b00000, 0x0000000082c00000|  0%| F|  |TAMS 0x0000000082b00000, 0x0000000082b00000| Untracked 
|  44|0x0000000082c00000, 0x0000000082d00000, 0x0000000082d00000|100%| S|CS|TAMS 0x0000000082c00000, 0x0000000082c00000| Complete 
|  45|0x0000000082d00000, 0x0000000082d00000, 0x0000000082e00000|  0%| F|  |TAMS 0x0000000082d00000, 0x0000000082d00000| Untracked 
|  46|0x0000000082e00000, 0x0000000082e00000, 0x0000000082f00000|  0%| F|  |TAMS 0x0000000082e00000, 0x0000000082e00000| Untracked 
|  47|0x0000000082f00000, 0x0000000082f00000, 0x0000000083000000|  0%| F|  |TAMS 0x0000000082f00000, 0x0000000082f00000| Untracked 
|  48|0x0000000083000000, 0x0000000083000000, 0x0000000083100000|  0%| F|  |TAMS 0x0000000083000000, 0x0000000083000000| Untracked 
|  49|0x0000000083100000, 0x0000000083100000, 0x0000000083200000|  0%| F|  |TAMS 0x0000000083100000, 0x0000000083100000| Untracked 
|  50|0x0000000083200000, 0x0000000083200000, 0x0000000083300000|  0%| F|  |TAMS 0x0000000083200000, 0x0000000083200000| Untracked 
|  51|0x0000000083300000, 0x0000000083300000, 0x0000000083400000|  0%| F|  |TAMS 0x0000000083300000, 0x0000000083300000| Untracked 
|  52|0x0000000083400000, 0x0000000083400000, 0x0000000083500000|  0%| F|  |TAMS 0x0000000083400000, 0x0000000083400000| Untracked 
|  53|0x0000000083500000, 0x0000000083500000, 0x0000000083600000|  0%| F|  |TAMS 0x0000000083500000, 0x0000000083500000| Untracked 
|  54|0x0000000083600000, 0x0000000083600000, 0x0000000083700000|  0%| F|  |TAMS 0x0000000083600000, 0x0000000083600000| Untracked 
|  55|0x0000000083700000, 0x0000000083700000, 0x0000000083800000|  0%| F|  |TAMS 0x0000000083700000, 0x0000000083700000| Untracked 
|  56|0x0000000083800000, 0x0000000083800000, 0x0000000083900000|  0%| F|  |TAMS 0x0000000083800000, 0x0000000083800000| Untracked 
|  57|0x0000000083900000, 0x0000000083900000, 0x0000000083a00000|  0%| F|  |TAMS 0x0000000083900000, 0x0000000083900000| Untracked 
|  58|0x0000000083a00000, 0x0000000083a00000, 0x0000000083b00000|  0%| F|  |TAMS 0x0000000083a00000, 0x0000000083a00000| Untracked 
|  59|0x0000000083b00000, 0x0000000083b00000, 0x0000000083c00000|  0%| F|  |TAMS 0x0000000083b00000, 0x0000000083b00000| Untracked 
|  60|0x0000000083c00000, 0x0000000083c00000, 0x0000000083d00000|  0%| F|  |TAMS 0x0000000083c00000, 0x0000000083c00000| Untracked 
|  61|0x0000000083d00000, 0x0000000083d00000, 0x0000000083e00000|  0%| F|  |TAMS 0x0000000083d00000, 0x0000000083d00000| Untracked 
|  62|0x0000000083e00000, 0x0000000083e00000, 0x0000000083f00000|  0%| F|  |TAMS 0x0000000083e00000, 0x0000000083e00000| Untracked 
|  63|0x0000000083f00000, 0x0000000083f00000, 0x0000000084000000|  0%| F|  |TAMS 0x0000000083f00000, 0x0000000083f00000| Untracked 
|  64|0x0000000084000000, 0x0000000084000000, 0x0000000084100000|  0%| F|  |TAMS 0x0000000084000000, 0x0000000084000000| Untracked 
|  65|0x0000000084100000, 0x0000000084100000, 0x0000000084200000|  0%| F|  |TAMS 0x0000000084100000, 0x0000000084100000| Untracked 
|  66|0x0000000084200000, 0x0000000084200000, 0x0000000084300000|  0%| F|  |TAMS 0x0000000084200000, 0x0000000084200000| Untracked 
|  67|0x0000000084300000, 0x0000000084300000, 0x0000000084400000|  0%| F|  |TAMS 0x0000000084300000, 0x0000000084300000| Untracked 
|  68|0x0000000084400000, 0x0000000084400000, 0x0000000084500000|  0%| F|  |TAMS 0x0000000084400000, 0x0000000084400000| Untracked 
|  69|0x0000000084500000, 0x0000000084500000, 0x0000000084600000|  0%| F|  |TAMS 0x0000000084500000, 0x0000000084500000| Untracked 
|  70|0x0000000084600000, 0x0000000084600000, 0x0000000084700000|  0%| F|  |TAMS 0x0000000084600000, 0x0000000084600000| Untracked 
|  71|0x0000000084700000, 0x0000000084700000, 0x0000000084800000|  0%| F|  |TAMS 0x0000000084700000, 0x0000000084700000| Untracked 
|  72|0x0000000084800000, 0x000000008484d640, 0x0000000084900000| 30%| E|  |TAMS 0x0000000084800000, 0x0000000084800000| Complete 
|  73|0x0000000084900000, 0x0000000084a00000, 0x0000000084a00000|100%| E|CS|TAMS 0x0000000084900000, 0x0000000084900000| Complete 
|  74|0x0000000084a00000, 0x0000000084b00000, 0x0000000084b00000|100%| E|CS|TAMS 0x0000000084a00000, 0x0000000084a00000| Complete 
|  75|0x0000000084b00000, 0x0000000084c00000, 0x0000000084c00000|100%| E|CS|TAMS 0x0000000084b00000, 0x0000000084b00000| Complete 
|  76|0x0000000084c00000, 0x0000000084d00000, 0x0000000084d00000|100%| E|CS|TAMS 0x0000000084c00000, 0x0000000084c00000| Complete 
|  77|0x0000000084d00000, 0x0000000084e00000, 0x0000000084e00000|100%| E|CS|TAMS 0x0000000084d00000, 0x0000000084d00000| Complete 
|  78|0x0000000084e00000, 0x0000000084f00000, 0x0000000084f00000|100%| E|CS|TAMS 0x0000000084e00000, 0x0000000084e00000| Complete 
|  79|0x0000000084f00000, 0x0000000085000000, 0x0000000085000000|100%| E|CS|TAMS 0x0000000084f00000, 0x0000000084f00000| Complete 
|  80|0x0000000085000000, 0x0000000085100000, 0x0000000085100000|100%| E|CS|TAMS 0x0000000085000000, 0x0000000085000000| Complete 
|  81|0x0000000085100000, 0x0000000085200000, 0x0000000085200000|100%| E|CS|TAMS 0x0000000085100000, 0x0000000085100000| Complete 
|  82|0x0000000085200000, 0x0000000085300000, 0x0000000085300000|100%| E|CS|TAMS 0x0000000085200000, 0x0000000085200000| Complete 
|  83|0x0000000085300000, 0x0000000085400000, 0x0000000085400000|100%| E|CS|TAMS 0x0000000085300000, 0x0000000085300000| Complete 
| 104|0x0000000086800000, 0x0000000086900000, 0x0000000086900000|100%| E|CS|TAMS 0x0000000086800000, 0x0000000086800000| Complete 
| 105|0x0000000086900000, 0x0000000086a00000, 0x0000000086a00000|100%| E|CS|TAMS 0x0000000086900000, 0x0000000086900000| Complete 
| 106|0x0000000086a00000, 0x0000000086b00000, 0x0000000086b00000|100%| E|CS|TAMS 0x0000000086a00000, 0x0000000086a00000| Complete 
| 127|0x0000000087f00000, 0x0000000088000000, 0x0000000088000000|100%| E|CS|TAMS 0x0000000087f00000, 0x0000000087f00000| Complete 

Card table byte_map: [0x000001926a990000,0x000001926ad90000] _byte_map_base: 0x000001926a590000

Marking Bits (Prev, Next): (CMBitMap*) 0x0000019257f446e0, (CMBitMap*) 0x0000019257f44720
 Prev Bits: [0x000001926b190000, 0x000001926d190000)
 Next Bits: [0x000001926d190000, 0x000001926f190000)

Polling page: 0x0000019255cf0000

Metaspace:

Usage:
  Non-class:     48.37 MB used.
      Class:      6.11 MB used.
       Both:     54.49 MB used.

Virtual space:
  Non-class space:       64.00 MB reserved,      48.63 MB ( 76%) committed,  1 nodes.
      Class space:        1.00 GB reserved,       6.38 MB ( <1%) committed,  1 nodes.
             Both:        1.06 GB reserved,      55.00 MB (  5%) committed. 

Chunk freelists:
   Non-Class:  14.58 MB
       Class:  9.66 MB
        Both:  24.24 MB

MaxMetaspaceSize: unlimited
CompressedClassSpaceSize: 1.00 GB
Initial GC threshold: 21.00 MB
Current GC threshold: 59.00 MB
CDS: off
MetaspaceReclaimPolicy: balanced
 - commit_granule_bytes: 65536.
 - commit_granule_words: 8192.
 - virtual_space_node_default_size: 8388608.
 - enlarge_chunks_in_place: 1.
 - new_chunks_are_fully_committed: 0.
 - uncommit_free_chunks: 1.
 - use_allocation_guard: 0.
 - handle_deallocations: 1.


Internal statistics:

num_allocs_failed_limit: 8.
num_arena_births: 780.
num_arena_deaths: 0.
num_vsnodes_births: 2.
num_vsnodes_deaths: 0.
num_space_committed: 880.
num_space_uncommitted: 0.
num_chunks_returned_to_freelist: 8.
num_chunks_taken_from_freelist: 2200.
num_chunk_merges: 8.
num_chunk_splits: 1442.
num_chunks_enlarged: 947.
num_inconsistent_stats: 0.

CodeHeap 'non-profiled nmethods': size=120000Kb used=3998Kb max_used=3998Kb free=116002Kb
 bounds [0x0000019263060000, 0x0000019263450000, 0x000001926a590000]
CodeHeap 'profiled nmethods': size=120000Kb used=14274Kb max_used=14274Kb free=105725Kb
 bounds [0x000001925b590000, 0x000001925c390000, 0x0000019262ac0000]
CodeHeap 'non-nmethods': size=5760Kb used=1336Kb max_used=1419Kb free=4423Kb
 bounds [0x0000019262ac0000, 0x0000019262d30000, 0x0000019263060000]
 total_blobs=7586 nmethods=6919 adapters=579
 compilation: enabled
              stopped_count=0, restarted_count=0
 full_count=0

Compilation events (20 events):
Event: 8686.248 Thread 0x000001927172b970 nmethod 7926 0x000001925c380510 code [0x000001925c3806a0, 0x000001925c3807e8]
Event: 8686.248 Thread 0x000001927172b970 7927       3       java.util.TreeMap$EntrySpliterator::getComparator (33 bytes)
Event: 8686.248 Thread 0x000001927172b030 7929       4       com.google.common.collect.RegularImmutableMap::fromEntryArray (201 bytes)
Event: 8686.249 Thread 0x000001927172b970 nmethod 7927 0x000001925c380890 code [0x000001925c380a60, 0x000001925c380d88]
Event: 8686.249 Thread 0x000001927172b970 7928       3       java.util.TreeMap$EntrySet::spliterator (17 bytes)
Event: 8686.249 Thread 0x000001927172b970 nmethod 7928 0x000001925c380e90 code [0x000001925c381040, 0x000001925c381208]
Event: 8686.249 Thread 0x000001927172b970 7930       3       java.io.InputStreamReader::<init> (30 bytes)
Event: 8686.249 Thread 0x000001927172b970 nmethod 7930 0x000001925c381310 code [0x000001925c381500, 0x000001925c3819e8]
Event: 8686.249 Thread 0x000001927172b970 7931       3       java.io.ByteArrayInputStream::<init> (37 bytes)
Event: 8686.250 Thread 0x000001927172b970 nmethod 7931 0x000001925c381b90 code [0x000001925c381d40, 0x000001925c382038]
Event: 8686.274 Thread 0x000001927172b030 nmethod 7929 0x0000019263445590 code [0x0000019263445780, 0x0000019263446398]
Event: 8686.274 Thread 0x000001927172b030 7932       4       okhttp3.internal.platform.Platform::get (4 bytes)
Event: 8686.274 Thread 0x000001927172b030 nmethod 7932 0x0000019263446a90 code [0x0000019263446c00, 0x0000019263446c58]
Event: 8687.064 Thread 0x000001927172b970 7933       3       java.lang.invoke.LambdaForm$MH/0x0000000100195c00::invoke (27 bytes)
Event: 8687.065 Thread 0x000001927172b970 nmethod 7933 0x000001925c382190 code [0x000001925c382360, 0x000001925c382798]
Event: 8687.108 Thread 0x000001927172b030 7934       4       org.openqa.selenium.json.JsonTypeCoercer$$Lambda$947/0x00000001005aa238::test (12 bytes)
Event: 8687.110 Thread 0x000001927172b030 nmethod 7934 0x0000019263446d90 code [0x0000019263446f40, 0x00000192634470c8]
Event: 8688.122 Thread 0x000001927172b030 7935       4       com.google.common.collect.CollectSpliterators$1FlatMapSpliterator::forEachRemaining (47 bytes)
Event: 8688.125 Thread 0x000001927172b030 nmethod 7935 0x0000019263447310 code [0x00000192634474a0, 0x0000019263447628]
Event: 8688.244 Thread 0x000001927172b030 7936       4       org.openqa.selenium.remote.http.HttpMessage::getHeaders (57 bytes)

GC Heap History (20 events):
Event: 87.225 GC heap before
{Heap before GC invocations=17 (full 0):
 garbage-first heap   total 90112K, used 61267K [0x0000000080000000, 0x0000000100000000)
  region size 1024K, 44 young (45056K), 7 survivors (7168K)
 Metaspace       used 52470K, committed 52992K, reserved 1114112K
  class space    used 6070K, committed 6336K, reserved 1048576K
}
Event: 87.236 GC heap after
{Heap after GC invocations=18 (full 0):
 garbage-first heap   total 90112K, used 27064K [0x0000000080000000, 0x0000000100000000)
  region size 1024K, 3 young (3072K), 3 survivors (3072K)
 Metaspace       used 52470K, committed 52992K, reserved 1114112K
  class space    used 6070K, committed 6336K, reserved 1048576K
}
Event: 438.307 GC heap before
{Heap before GC invocations=18 (full 0):
 garbage-first heap   total 90112K, used 64952K [0x0000000080000000, 0x0000000100000000)
  region size 1024K, 41 young (41984K), 3 survivors (3072K)
 Metaspace       used 52760K, committed 53312K, reserved 1114112K
  class space    used 6077K, committed 6336K, reserved 1048576K
}
Event: 438.312 GC heap after
{Heap after GC invocations=19 (full 0):
 garbage-first heap   total 90112K, used 26892K [0x0000000080000000, 0x0000000100000000)
  region size 1024K, 3 young (3072K), 3 survivors (3072K)
 Metaspace       used 52760K, committed 53312K, reserved 1114112K
  class space    used 6077K, committed 6336K, reserved 1048576K
}
Event: 513.918 GC heap before
{Heap before GC invocations=19 (full 0):
 garbage-first heap   total 90112K, used 67852K [0x0000000080000000, 0x0000000100000000)
  region size 1024K, 43 young (44032K), 3 survivors (3072K)
 Metaspace       used 54691K, committed 55232K, reserved 1114112K
  class space    used 6224K, committed 6464K, reserved 1048576K
}
Event: 513.925 GC heap after
{Heap after GC invocations=20 (full 0):
 garbage-first heap   total 90112K, used 29002K [0x0000000080000000, 0x0000000100000000)
  region size 1024K, 5 young (5120K), 5 survivors (5120K)
 Metaspace       used 54691K, committed 55232K, reserved 1114112K
  class space    used 6224K, committed 6464K, reserved 1048576K
}
Event: 594.815 GC heap before
{Heap before GC invocations=20 (full 0):
 garbage-first heap   total 90112K, used 68938K [0x0000000080000000, 0x0000000100000000)
  region size 1024K, 44 young (45056K), 5 survivors (5120K)
 Metaspace       used 54874K, committed 55360K, reserved 1114112K
  class space    used 6225K, committed 6464K, reserved 1048576K
}
Event: 594.821 GC heap after
{Heap after GC invocations=21 (full 0):
 garbage-first heap   total 90112K, used 29309K [0x0000000080000000, 0x0000000100000000)
  region size 1024K, 2 young (2048K), 2 survivors (2048K)
 Metaspace       used 54874K, committed 55360K, reserved 1114112K
  class space    used 6225K, committed 6464K, reserved 1048576K
}
Event: 683.003 GC heap before
{Heap before GC invocations=21 (full 0):
 garbage-first heap   total 90112K, used 70269K [0x0000000080000000, 0x0000000100000000)
  region size 1024K, 42 young (43008K), 2 survivors (2048K)
 Metaspace       used 55099K, committed 55552K, reserved 1114112K
  class space    used 6229K, committed 6464K, reserved 1048576K
}
Event: 683.006 GC heap after
{Heap after GC invocations=22 (full 0):
 garbage-first heap   total 90112K, used 29056K [0x0000000080000000, 0x0000000100000000)
  region size 1024K, 2 young (2048K), 2 survivors (2048K)
 Metaspace       used 55099K, committed 55552K, reserved 1114112K
  class space    used 6229K, committed 6464K, reserved 1048576K
}
Event: 2256.076 GC heap before
{Heap before GC invocations=22 (full 0):
 garbage-first heap   total 90112K, used 71040K [0x0000000080000000, 0x0000000100000000)
  region size 1024K, 43 young (44032K), 2 survivors (2048K)
 Metaspace       used 55291K, committed 55744K, reserved 1114112K
  class space    used 6229K, committed 6464K, reserved 1048576K
}
Event: 2256.080 GC heap after
{Heap after GC invocations=23 (full 0):
 garbage-first heap   total 90112K, used 29052K [0x0000000080000000, 0x0000000100000000)
  region size 1024K, 2 young (2048K), 2 survivors (2048K)
 Metaspace       used 55291K, committed 55744K, reserved 1114112K
  class space    used 6229K, committed 6464K, reserved 1048576K
}
Event: 2372.666 GC heap before
{Heap before GC invocations=23 (full 0):
 garbage-first heap   total 90112K, used 72060K [0x0000000080000000, 0x0000000100000000)
  region size 1024K, 44 young (45056K), 2 survivors (2048K)
 Metaspace       used 55407K, committed 55872K, reserved 1114112K
  class space    used 6229K, committed 6464K, reserved 1048576K
}
Event: 2372.675 GC heap after
{Heap after GC invocations=24 (full 0):
 garbage-first heap   total 90112K, used 29818K [0x0000000080000000, 0x0000000100000000)
  region size 1024K, 3 young (3072K), 3 survivors (3072K)
 Metaspace       used 55407K, committed 55872K, reserved 1114112K
  class space    used 6229K, committed 6464K, reserved 1048576K
}
Event: 5176.989 GC heap before
{Heap before GC invocations=24 (full 0):
 garbage-first heap   total 90112K, used 70778K [0x0000000080000000, 0x0000000100000000)
  region size 1024K, 44 young (45056K), 3 survivors (3072K)
 Metaspace       used 55553K, committed 56064K, reserved 1114112K
  class space    used 6240K, committed 6464K, reserved 1048576K
}
Event: 5176.995 GC heap after
{Heap after GC invocations=25 (full 0):
 garbage-first heap   total 90112K, used 29306K [0x0000000080000000, 0x0000000100000000)
  region size 1024K, 2 young (2048K), 2 survivors (2048K)
 Metaspace       used 55553K, committed 56064K, reserved 1114112K
  class space    used 6240K, committed 6464K, reserved 1048576K
}
Event: 7373.258 GC heap before
{Heap before GC invocations=25 (full 0):
 garbage-first heap   total 90112K, used 72314K [0x0000000080000000, 0x0000000100000000)
  region size 1024K, 44 young (45056K), 2 survivors (2048K)
 Metaspace       used 55702K, committed 56256K, reserved 1114112K
  class space    used 6255K, committed 6528K, reserved 1048576K
}
Event: 7373.261 GC heap after
{Heap after GC invocations=26 (full 0):
 garbage-first heap   total 90112K, used 28823K [0x0000000080000000, 0x0000000100000000)
  region size 1024K, 2 young (2048K), 2 survivors (2048K)
 Metaspace       used 55702K, committed 56256K, reserved 1114112K
  class space    used 6255K, committed 6528K, reserved 1048576K
}
Event: 8240.839 GC heap before
{Heap before GC invocations=26 (full 0):
 garbage-first heap   total 90112K, used 72855K [0x0000000080000000, 0x0000000100000000)
  region size 1024K, 45 young (46080K), 2 survivors (2048K)
 Metaspace       used 55765K, committed 56320K, reserved 1114112K
  class space    used 6255K, committed 6528K, reserved 1048576K
}
Event: 8240.842 GC heap after
{Heap after GC invocations=27 (full 0):
 garbage-first heap   total 90112K, used 28763K [0x0000000080000000, 0x0000000100000000)
  region size 1024K, 2 young (2048K), 2 survivors (2048K)
 Metaspace       used 55765K, committed 56320K, reserved 1114112K
  class space    used 6255K, committed 6528K, reserved 1048576K
}

Dll operation events (11 events):
Event: 0.039 Loaded shared library C:\SmartPolicyProject\AutomationSupport\eclipse\plugins\org.eclipse.justj.openjdk.hotspot.jre.full.win32.x86_64_17.0.10.v20240120-1143\jre\bin\java.dll
Event: 0.316 Loaded shared library C:\SmartPolicyProject\AutomationSupport\eclipse\plugins\org.eclipse.justj.openjdk.hotspot.jre.full.win32.x86_64_17.0.10.v20240120-1143\jre\bin\net.dll
Event: 0.329 Loaded shared library C:\SmartPolicyProject\AutomationSupport\eclipse\plugins\org.eclipse.justj.openjdk.hotspot.jre.full.win32.x86_64_17.0.10.v20240120-1143\jre\bin\nio.dll
Event: 0.342 Loaded shared library C:\SmartPolicyProject\AutomationSupport\eclipse\plugins\org.eclipse.justj.openjdk.hotspot.jre.full.win32.x86_64_17.0.10.v20240120-1143\jre\bin\zip.dll
Event: 1.820 Loaded shared library C:\SmartPolicyProject\AutomationSupport\eclipse\plugins\org.eclipse.justj.openjdk.hotspot.jre.full.win32.x86_64_17.0.10.v20240120-1143\jre\bin\jimage.dll
Event: 3.139 Loaded shared library C:\SmartPolicyProject\AutomationSupport\eclipse\plugins\org.eclipse.justj.openjdk.hotspot.jre.full.win32.x86_64_17.0.10.v20240120-1143\jre\bin\verify.dll
Event: 3.712 Loaded shared library C:\SmartPolicyProject\AutomationSupport\eclipse\plugins\org.eclipse.justj.openjdk.hotspot.jre.full.win32.x86_64_17.0.10.v20240120-1143\jre\bin\management.dll
Event: 3.827 Loaded shared library C:\SmartPolicyProject\AutomationSupport\eclipse\plugins\org.eclipse.justj.openjdk.hotspot.jre.full.win32.x86_64_17.0.10.v20240120-1143\jre\bin\management_ext.dll
Event: 4.599 Loaded shared library C:\SmartPolicyProject\AutomationSupport\eclipse\plugins\org.eclipse.justj.openjdk.hotspot.jre.full.win32.x86_64_17.0.10.v20240120-1143\jre\bin\extnet.dll
Event: 10.834 Loaded shared library C:\SmartPolicyProject\AutomationSupport\eclipse\plugins\org.eclipse.justj.openjdk.hotspot.jre.full.win32.x86_64_17.0.10.v20240120-1143\jre\bin\sunmscapi.dll
Event: 69.278 Loaded shared library C:\SmartPolicyProject\AutomationSupport\eclipse\plugins\org.eclipse.justj.openjdk.hotspot.jre.full.win32.x86_64_17.0.10.v20240120-1143\jre\bin\awt.dll

Deoptimization events (20 events):
Event: 7631.469 Thread 0x00000192774d4040 Uncommon trap: trap_request=0xffffff76 fr.pc=0x000001926342f9a4 relative=0x0000000000000ca4
Event: 7631.469 Thread 0x00000192774d4040 Uncommon trap: reason=predicate action=maybe_recompile pc=0x000001926342f9a4 method=com.google.common.collect.RegularImmutableMap.fromEntryArray(I[Ljava/util/Map$Entry;)Lcom/google/common/collect/ImmutableMap; @ 59 c2
Event: 7631.469 Thread 0x00000192774d4040 DEOPT PACKING pc=0x000001926342f9a4 sp=0x0000003fd07fd880
Event: 7631.469 Thread 0x00000192774d4040 DEOPT UNPACKING pc=0x0000019262b169a3 sp=0x0000003fd07fd808 mode 2
Event: 8687.108 Thread 0x0000019278204020 Uncommon trap: trap_request=0xffffffd6 fr.pc=0x00000192634461c0 relative=0x0000000000000a40
Event: 8687.108 Thread 0x0000019278204020 Uncommon trap: reason=array_check action=maybe_recompile pc=0x00000192634461c0 method=com.google.common.collect.RegularImmutableMap.fromEntryArray(I[Ljava/util/Map$Entry;)Lcom/google/common/collect/ImmutableMap; @ 157 c2
Event: 8687.108 Thread 0x0000019278204020 DEOPT PACKING pc=0x00000192634461c0 sp=0x0000003fd08fd880
Event: 8687.108 Thread 0x0000019278204020 DEOPT UNPACKING pc=0x0000019262b169a3 sp=0x0000003fd08fd810 mode 2
Event: 8688.122 Thread 0x0000019278204020 Uncommon trap: trap_request=0xffffffd6 fr.pc=0x00000192634461c0 relative=0x0000000000000a40
Event: 8688.122 Thread 0x0000019278204020 Uncommon trap: reason=array_check action=maybe_recompile pc=0x00000192634461c0 method=com.google.common.collect.RegularImmutableMap.fromEntryArray(I[Ljava/util/Map$Entry;)Lcom/google/common/collect/ImmutableMap; @ 157 c2
Event: 8688.122 Thread 0x0000019278204020 DEOPT PACKING pc=0x00000192634461c0 sp=0x0000003fd08fd710
Event: 8688.122 Thread 0x0000019278204020 DEOPT UNPACKING pc=0x0000019262b169a3 sp=0x0000003fd08fd6a0 mode 2
Event: 8688.245 Thread 0x0000019278204020 Uncommon trap: trap_request=0xffffffd6 fr.pc=0x00000192634461c0 relative=0x0000000000000a40
Event: 8688.245 Thread 0x0000019278204020 Uncommon trap: reason=array_check action=maybe_recompile pc=0x00000192634461c0 method=com.google.common.collect.RegularImmutableMap.fromEntryArray(I[Ljava/util/Map$Entry;)Lcom/google/common/collect/ImmutableMap; @ 157 c2
Event: 8688.245 Thread 0x0000019278204020 DEOPT PACKING pc=0x00000192634461c0 sp=0x0000003fd08fd880
Event: 8688.245 Thread 0x0000019278204020 DEOPT UNPACKING pc=0x0000019262b169a3 sp=0x0000003fd08fd810 mode 2
Event: 8688.245 Thread 0x0000019278204020 Uncommon trap: trap_request=0xffffffd6 fr.pc=0x00000192634461c0 relative=0x0000000000000a40
Event: 8688.245 Thread 0x0000019278204020 Uncommon trap: reason=array_check action=maybe_recompile pc=0x00000192634461c0 method=com.google.common.collect.RegularImmutableMap.fromEntryArray(I[Ljava/util/Map$Entry;)Lcom/google/common/collect/ImmutableMap; @ 157 c2
Event: 8688.245 Thread 0x0000019278204020 DEOPT PACKING pc=0x00000192634461c0 sp=0x0000003fd08fd810
Event: 8688.245 Thread 0x0000019278204020 DEOPT UNPACKING pc=0x0000019262b169a3 sp=0x0000003fd08fd7a0 mode 2

Classes unloaded (0 events):
No events

Classes redefined (0 events):
No events

Internal exceptions (20 events):
Event: 8238.587 Thread 0x0000019278a05870 Exception <a 'java/net/ConnectException'{0x0000000083a0de70}: Connection refused: no further information> (0x0000000083a0de70) 
thrown [s\src\hotspot\share\prims\jni.cpp, line 535]
Event: 8238.587 Thread 0x0000019278a05870 Exception <a 'java/net/SocketException'{0x0000000083a0e1a8}: Socket is not connected: shutdown> (0x0000000083a0e1a8) 
thrown [s\src\hotspot\share\prims\jni.cpp, line 535]
Event: 8238.589 Thread 0x0000019278204020 Exception <a 'sun/nio/fs/WindowsException'{0x0000000083a1daf8}> (0x0000000083a1daf8) 
thrown [s\src\hotspot\share\prims\jni.cpp, line 516]
Event: 8238.701 Thread 0x0000019278204020 Exception <a 'java/net/SocketException'{0x0000000082eb1cc0}: Socket is not connected: shutdown> (0x0000000082eb1cc0) 
thrown [s\src\hotspot\share\prims\jni.cpp, line 535]
Event: 8238.705 Thread 0x0000019278a05870 Exception <a 'java/net/ConnectException'{0x0000000083a0f210}: Connection refused: no further information> (0x0000000083a0f210) 
thrown [s\src\hotspot\share\prims\jni.cpp, line 535]
Event: 8238.705 Thread 0x0000019278a05870 Exception <a 'java/net/SocketException'{0x0000000083a0f548}: Socket is not connected: shutdown> (0x0000000083a0f548) 
thrown [s\src\hotspot\share\prims\jni.cpp, line 535]
Event: 8238.716 Thread 0x0000019278a05870 Exception <a 'java/net/ConnectException'{0x0000000083a10590}: Connection refused: no further information> (0x0000000083a10590) 
thrown [s\src\hotspot\share\prims\jni.cpp, line 535]
Event: 8238.716 Thread 0x0000019278a05870 Exception <a 'java/net/SocketException'{0x0000000083a108c8}: Socket is not connected: shutdown> (0x0000000083a108c8) 
thrown [s\src\hotspot\share\prims\jni.cpp, line 535]
Event: 8238.737 Thread 0x0000019278a05870 Exception <a 'java/net/ConnectException'{0x0000000083a11910}: Connection refused: no further information> (0x0000000083a11910) 
thrown [s\src\hotspot\share\prims\jni.cpp, line 535]
Event: 8238.737 Thread 0x0000019278a05870 Exception <a 'java/net/SocketException'{0x0000000083a11c48}: Socket is not connected: shutdown> (0x0000000083a11c48) 
thrown [s\src\hotspot\share\prims\jni.cpp, line 535]
Event: 8238.781 Thread 0x0000019278a05870 Exception <a 'java/net/ConnectException'{0x0000000083a12c90}: Connection refused: no further information> (0x0000000083a12c90) 
thrown [s\src\hotspot\share\prims\jni.cpp, line 535]
Event: 8238.782 Thread 0x0000019278a05870 Exception <a 'java/net/SocketException'{0x0000000083a12fc8}: Socket is not connected: shutdown> (0x0000000083a12fc8) 
thrown [s\src\hotspot\share\prims\jni.cpp, line 535]
Event: 8686.028 Thread 0x0000019278204020 Exception <a 'sun/nio/fs/WindowsException'{0x0000000086a55198}> (0x0000000086a55198) 
thrown [s\src\hotspot\share\prims\jni.cpp, line 516]
Event: 8686.145 Thread 0x0000019278204020 Exception <a 'java/net/SocketException'{0x0000000084ac9ea0}: Socket is not connected: shutdown> (0x0000000084ac9ea0) 
thrown [s\src\hotspot\share\prims\jni.cpp, line 535]
Event: 8686.161 Thread 0x00000192789ff840 Exception <a 'java/net/ConnectException'{0x0000000084900fc8}: Connection refused: no further information> (0x0000000084900fc8) 
thrown [s\src\hotspot\share\prims\jni.cpp, line 535]
Event: 8686.161 Thread 0x00000192789ff840 Exception <a 'java/net/SocketException'{0x0000000084901300}: Socket is not connected: shutdown> (0x0000000084901300) 
thrown [s\src\hotspot\share\prims\jni.cpp, line 535]
Event: 8686.177 Thread 0x00000192789ff840 Exception <a 'java/net/ConnectException'{0x0000000084902348}: Connection refused: no further information> (0x0000000084902348) 
thrown [s\src\hotspot\share\prims\jni.cpp, line 535]
Event: 8686.177 Thread 0x00000192789ff840 Exception <a 'java/net/SocketException'{0x0000000084902680}: Socket is not connected: shutdown> (0x0000000084902680) 
thrown [s\src\hotspot\share\prims\jni.cpp, line 535]
Event: 8686.201 Thread 0x00000192789ff840 Exception <a 'java/net/ConnectException'{0x00000000849036c8}: Connection refused: no further information> (0x00000000849036c8) 
thrown [s\src\hotspot\share\prims\jni.cpp, line 535]
Event: 8686.201 Thread 0x00000192789ff840 Exception <a 'java/net/SocketException'{0x0000000084903a00}: Socket is not connected: shutdown> (0x0000000084903a00) 
thrown [s\src\hotspot\share\prims\jni.cpp, line 535]

VM Operations (20 events):
Event: 7633.385 Executing VM operation: Cleanup
Event: 7633.385 Executing VM operation: Cleanup done
Event: 7933.569 Executing VM operation: HandshakeAllThreads
Event: 7933.569 Executing VM operation: HandshakeAllThreads done
Event: 7933.569 Executing VM operation: Cleanup
Event: 7933.569 Executing VM operation: Cleanup done
Event: 7935.569 Executing VM operation: Cleanup
Event: 7935.569 Executing VM operation: Cleanup done
Event: 8238.702 Executing VM operation: Cleanup
Event: 8238.702 Executing VM operation: Cleanup done
Event: 8239.702 Executing VM operation: Cleanup
Event: 8239.702 Executing VM operation: Cleanup done
Event: 8240.703 Executing VM operation: Cleanup
Event: 8240.703 Executing VM operation: Cleanup done
Event: 8240.839 Executing VM operation: G1CollectForAllocation
Event: 8240.842 Executing VM operation: G1CollectForAllocation done
Event: 8686.060 Executing VM operation: Cleanup
Event: 8686.060 Executing VM operation: Cleanup done
Event: 8688.061 Executing VM operation: Cleanup
Event: 8688.061 Executing VM operation: Cleanup done

Events (20 events):
Event: 7933.576 Thread 0x00000192716b4f80 flushing nmethod 0x000001925be8b310
Event: 7933.576 Thread 0x00000192716b4f80 flushing nmethod 0x000001925be91190
Event: 7933.577 Thread 0x00000192716b4f80 flushing nmethod 0x000001925bea7f90
Event: 8238.574 Thread 0x0000019278a05870 Thread added: 0x0000019278a05870
Event: 8238.576 Thread 0x0000019278a03a10 Thread added: 0x0000019278a03a10
Event: 8238.583 Thread 0x0000019278a02ae0 Thread exited: 0x0000019278a02ae0
Event: 8238.583 Thread 0x00000192789fdef0 Thread exited: 0x00000192789fdef0
Event: 8238.587 Thread 0x0000019278a05360 Thread exited: 0x0000019278a05360
Event: 8238.704 Thread 0x0000019278a00c80 Thread added: 0x0000019278a00c80
Event: 8238.720 Thread 0x0000019278a00770 Thread added: 0x0000019278a00770
Event: 8238.721 Thread 0x0000019278a02ae0 Thread added: 0x0000019278a02ae0
Event: 8243.578 Thread 0x0000019278a03a10 Thread exited: 0x0000019278a03a10
Event: 8298.864 Thread 0x0000019278a05870 Thread exited: 0x0000019278a05870
Event: 8686.024 loading class java/lang/Throwable$WrappedPrintStream
Event: 8686.024 loading class java/lang/Throwable$WrappedPrintStream done
Event: 8686.149 Thread 0x0000019278a01190 Thread added: 0x0000019278a01190
Event: 8686.150 Thread 0x00000192789ff840 Thread added: 0x00000192789ff840
Event: 8686.161 Thread 0x0000019278a02ff0 Thread added: 0x0000019278a02ff0
Event: 8686.161 Thread 0x0000019278a03a10 Thread added: 0x0000019278a03a10
Event: 8686.245 Thread 0x0000019278a00260 Thread added: 0x0000019278a00260


Dynamic libraries:
0x00007ff7b0d90000 - 0x00007ff7b0d9e000 	C:\SmartPolicyProject\AutomationSupport\eclipse\plugins\org.eclipse.justj.openjdk.hotspot.jre.full.win32.x86_64_17.0.10.v20240120-1143\jre\bin\javaw.exe
0x00007ff877c80000 - 0x00007ff877e6e000 	C:\Windows\SYSTEM32\ntdll.dll
0x00007ff875960000 - 0x00007ff875a13000 	C:\Windows\System32\KERNEL32.DLL
0x00007ff873da0000 - 0x00007ff87403d000 	C:\Windows\System32\KERNELBASE.dll
0x00007ff8749c0000 - 0x00007ff874aba000 	C:\Windows\System32\ucrtbase.dll
0x00007ff85f880000 - 0x00007ff85f897000 	C:\SmartPolicyProject\AutomationSupport\eclipse\plugins\org.eclipse.justj.openjdk.hotspot.jre.full.win32.x86_64_17.0.10.v20240120-1143\jre\bin\jli.dll
0x00007ff875480000 - 0x00007ff875617000 	C:\Windows\System32\USER32.dll
0x00007ff874e80000 - 0x00007ff874ea0000 	C:\Windows\System32\win32u.dll
0x00007ff863dd0000 - 0x00007ff864049000 	C:\Windows\WinSxS\amd64_microsoft.windows.common-controls_6595b64144ccf1df_6.0.17763.5576_none_de7462b453487ecb\COMCTL32.dll
0x00007ff875a20000 - 0x00007ff875a49000 	C:\Windows\System32\GDI32.dll
0x00007ff874ae0000 - 0x00007ff874c8a000 	C:\Windows\System32\gdi32full.dll
0x00007ff875800000 - 0x00007ff87589e000 	C:\Windows\System32\msvcrt.dll
0x00007ff873d00000 - 0x00007ff873da0000 	C:\Windows\System32\msvcp_win.dll
0x00007ff875b70000 - 0x00007ff875e9b000 	C:\Windows\System32\combase.dll
0x00007ff875a50000 - 0x00007ff875b6d000 	C:\Windows\System32\RPCRT4.dll
0x00007ff874c90000 - 0x00007ff874d12000 	C:\Windows\System32\bcryptPrimitives.dll
0x00007ff85f860000 - 0x00007ff85f87b000 	C:\SmartPolicyProject\AutomationSupport\eclipse\plugins\org.eclipse.justj.openjdk.hotspot.jre.full.win32.x86_64_17.0.10.v20240120-1143\jre\bin\VCRUNTIME140.dll
0x00007ff8758b0000 - 0x00007ff8758de000 	C:\Windows\System32\IMM32.DLL
0x00007ff865160000 - 0x00007ff86516c000 	C:\SmartPolicyProject\AutomationSupport\eclipse\plugins\org.eclipse.justj.openjdk.hotspot.jre.full.win32.x86_64_17.0.10.v20240120-1143\jre\bin\vcruntime140_1.dll
0x00007ff85f7d0000 - 0x00007ff85f85d000 	C:\SmartPolicyProject\AutomationSupport\eclipse\plugins\org.eclipse.justj.openjdk.hotspot.jre.full.win32.x86_64_17.0.10.v20240120-1143\jre\bin\msvcp140.dll
0x00007ff8519b0000 - 0x00007ff852612000 	C:\SmartPolicyProject\AutomationSupport\eclipse\plugins\org.eclipse.justj.openjdk.hotspot.jre.full.win32.x86_64_17.0.10.v20240120-1143\jre\bin\server\jvm.dll
0x00007ff874ea0000 - 0x00007ff874f48000 	C:\Windows\System32\ADVAPI32.dll
0x00007ff875620000 - 0x00007ff8756c2000 	C:\Windows\System32\sechost.dll
0x00007ff874990000 - 0x00007ff8749b6000 	C:\Windows\System32\bcrypt.dll
0x00007ff873c50000 - 0x00007ff873cad000 	C:\Windows\System32\POWRPROF.dll
0x00007ff866810000 - 0x00007ff866819000 	C:\Windows\SYSTEM32\WSOCK32.dll
0x00007ff86e2f0000 - 0x00007ff86e2fa000 	C:\Windows\SYSTEM32\VERSION.dll
0x00007ff871e50000 - 0x00007ff871e74000 	C:\Windows\SYSTEM32\WINMM.dll
0x00007ff875f50000 - 0x00007ff875fbd000 	C:\Windows\System32\WS2_32.dll
0x00007ff871e20000 - 0x00007ff871e4d000 	C:\Windows\SYSTEM32\winmmbase.dll
0x00007ff874e30000 - 0x00007ff874e7a000 	C:\Windows\System32\cfgmgr32.dll
0x00007ff873c30000 - 0x00007ff873c41000 	C:\Windows\System32\kernel.appcore.dll
0x00007ff864740000 - 0x00007ff86474a000 	C:\SmartPolicyProject\AutomationSupport\eclipse\plugins\org.eclipse.justj.openjdk.hotspot.jre.full.win32.x86_64_17.0.10.v20240120-1143\jre\bin\jimage.dll
0x00007ff864a90000 - 0x00007ff864c7d000 	C:\Windows\SYSTEM32\DBGHELP.DLL
0x00007ff8647a0000 - 0x00007ff8647ca000 	C:\Windows\SYSTEM32\dbgcore.DLL
0x00007ff861390000 - 0x00007ff8613b5000 	C:\SmartPolicyProject\AutomationSupport\eclipse\plugins\org.eclipse.justj.openjdk.hotspot.jre.full.win32.x86_64_17.0.10.v20240120-1143\jre\bin\java.dll
0x00007ff860710000 - 0x00007ff860728000 	C:\SmartPolicyProject\AutomationSupport\eclipse\plugins\org.eclipse.justj.openjdk.hotspot.jre.full.win32.x86_64_17.0.10.v20240120-1143\jre\bin\zip.dll
0x00007ff8766f0000 - 0x00007ff877be8000 	C:\Windows\System32\SHELL32.dll
0x00007ff875ea0000 - 0x00007ff875f47000 	C:\Windows\System32\shcore.dll
0x00007ff874040000 - 0x00007ff874787000 	C:\Windows\System32\windows.storage.dll
0x00007ff873cd0000 - 0x00007ff873cf3000 	C:\Windows\System32\profapi.dll
0x00007ff8757a0000 - 0x00007ff8757f2000 	C:\Windows\System32\shlwapi.dll
0x00007ff874ac0000 - 0x00007ff874adb000 	C:\Windows\System32\cryptsp.dll
0x00007ff85fdd0000 - 0x00007ff85fde9000 	C:\SmartPolicyProject\AutomationSupport\eclipse\plugins\org.eclipse.justj.openjdk.hotspot.jre.full.win32.x86_64_17.0.10.v20240120-1143\jre\bin\net.dll
0x00007ff86e8e0000 - 0x00007ff86e9dd000 	C:\Windows\SYSTEM32\WINHTTP.dll
0x00007ff873420000 - 0x00007ff873487000 	C:\Windows\system32\mswsock.dll
0x00007ff85fdb0000 - 0x00007ff85fdc6000 	C:\SmartPolicyProject\AutomationSupport\eclipse\plugins\org.eclipse.justj.openjdk.hotspot.jre.full.win32.x86_64_17.0.10.v20240120-1143\jre\bin\nio.dll
0x00007ff8645d0000 - 0x00007ff8645e0000 	C:\SmartPolicyProject\AutomationSupport\eclipse\plugins\org.eclipse.justj.openjdk.hotspot.jre.full.win32.x86_64_17.0.10.v20240120-1143\jre\bin\verify.dll
0x00007ff862250000 - 0x00007ff862259000 	C:\SmartPolicyProject\AutomationSupport\eclipse\plugins\org.eclipse.justj.openjdk.hotspot.jre.full.win32.x86_64_17.0.10.v20240120-1143\jre\bin\management.dll
0x00007ff861380000 - 0x00007ff86138b000 	C:\SmartPolicyProject\AutomationSupport\eclipse\plugins\org.eclipse.justj.openjdk.hotspot.jre.full.win32.x86_64_17.0.10.v20240120-1143\jre\bin\management_ext.dll
0x00007ff8766e0000 - 0x00007ff8766e8000 	C:\Windows\System32\PSAPI.DLL
0x00007ff85f480000 - 0x00007ff85f496000 	C:\Windows\system32\napinsp.dll
0x00007ff873170000 - 0x00007ff873236000 	C:\Windows\SYSTEM32\DNSAPI.dll
0x00007ff876140000 - 0x00007ff876148000 	C:\Windows\System32\NSI.dll
0x00007ff873130000 - 0x00007ff87316d000 	C:\Windows\SYSTEM32\IPHLPAPI.DLL
0x00007ff860b60000 - 0x00007ff860b6e000 	C:\Windows\System32\winrnr.dll
0x00007ff86ea30000 - 0x00007ff86ea4b000 	C:\Windows\system32\NLAapi.dll
0x00007ff85f2b0000 - 0x00007ff85f2c5000 	C:\Windows\system32\wshbth.dll
0x00007ff86b590000 - 0x00007ff86b59a000 	C:\Windows\System32\rasadhlp.dll
0x00007ff86c680000 - 0x00007ff86c6f9000 	C:\Windows\System32\fwpuclnt.dll
0x00007ff862800000 - 0x00007ff862809000 	C:\SmartPolicyProject\AutomationSupport\eclipse\plugins\org.eclipse.justj.openjdk.hotspot.jre.full.win32.x86_64_17.0.10.v20240120-1143\jre\bin\extnet.dll
0x00007ff872fa0000 - 0x00007ff872fd3000 	C:\Windows\system32\rsaenh.dll
0x00007ff873b30000 - 0x00007ff873b59000 	C:\Windows\SYSTEM32\USERENV.dll
0x00007ff8735f0000 - 0x00007ff8735fc000 	C:\Windows\SYSTEM32\CRYPTBASE.dll
0x00007ff86e490000 - 0x00007ff86e4a6000 	C:\Windows\SYSTEM32\dhcpcsvc6.DLL
0x00007ff86e400000 - 0x00007ff86e41c000 	C:\Windows\SYSTEM32\dhcpcsvc.DLL
0x00007ff863060000 - 0x00007ff86306e000 	C:\SmartPolicyProject\AutomationSupport\eclipse\plugins\org.eclipse.justj.openjdk.hotspot.jre.full.win32.x86_64_17.0.10.v20240120-1143\jre\bin\sunmscapi.dll
0x00007ff874790000 - 0x00007ff87498e000 	C:\Windows\System32\CRYPT32.dll
0x00007ff873cb0000 - 0x00007ff873cc2000 	C:\Windows\System32\MSASN1.dll
0x00007ff8736f0000 - 0x00007ff87371c000 	C:\Windows\SYSTEM32\ncrypt.dll
0x00007ff8736b0000 - 0x00007ff8736ec000 	C:\Windows\SYSTEM32\NTASN1.dll
0x00007ff856bb0000 - 0x00007ff856d40000 	C:\SmartPolicyProject\AutomationSupport\eclipse\plugins\org.eclipse.justj.openjdk.hotspot.jre.full.win32.x86_64_17.0.10.v20240120-1143\jre\bin\awt.dll
0x00007ff8756d0000 - 0x00007ff875794000 	C:\Windows\System32\OLEAUT32.dll
0x00007ff872030000 - 0x00007ff8720bc000 	C:\Windows\SYSTEM32\apphelp.dll

dbghelp: loaded successfully - version: 4.0.5 - missing functions: none
symbol engine: initialized successfully - sym options: 0x614 - pdb path: .;C:\SmartPolicyProject\AutomationSupport\eclipse\plugins\org.eclipse.justj.openjdk.hotspot.jre.full.win32.x86_64_17.0.10.v20240120-1143\jre\bin;C:\Windows\SYSTEM32;C:\Windows\WinSxS\amd64_microsoft.windows.common-controls_6595b64144ccf1df_6.0.17763.5576_none_de7462b453487ecb;C:\SmartPolicyProject\AutomationSupport\eclipse\plugins\org.eclipse.justj.openjdk.hotspot.jre.full.win32.x86_64_17.0.10.v20240120-1143\jre\bin\server

VM Arguments:
jvm_args: -ea -Dfile.encoding=UTF-8 -Dstdout.encoding=UTF-8 -Dstderr.encoding=UTF-8 -XX:+ShowCodeDetailsInExceptionMessages 
java_command: org.testng.remote.RemoteTestNG -serport 65025 -protocol json -d C:\Users\Administrator\git\repository\SmartPolicy-BrokerPortal\test-output C:\Users\ADMINI~1\AppData\Local\Temp\2\testng-eclipse--791464111\testng-customsuite.xml
java_class_path (initial): C:\SmartPolicyProject\AutomationSupport\eclipse\configuration\org.eclipse.osgi\546\0\.cp\lib\testng-remote.jar;C:\Users\Administrator\git\repository\SmartPolicy-BrokerPortal\target\test-classes;C:\Users\Administrator\git\repository\SmartPolicy-BrokerPortal\target\classes;C:\Users\Administrator\.m2\repository\org\seleniumhq\selenium\selenium-java\3.141.59\selenium-java-3.141.59.jar;C:\Users\Administrator\.m2\repository\org\seleniumhq\selenium\selenium-api\3.141.59\selenium-api-3.141.59.jar;C:\Users\Administrator\.m2\repository\org\seleniumhq\selenium\selenium-chrome-driver\3.141.59\selenium-chrome-driver-3.141.59.jar;C:\Users\Administrator\.m2\repository\org\seleniumhq\selenium\selenium-remote-driver\3.141.59\selenium-remote-driver-3.141.59.jar;C:\Users\Administrator\.m2\repository\net\bytebuddy\byte-buddy\1.8.15\byte-buddy-1.8.15.jar;C:\Users\Administrator\.m2\repository\org\apache\commons\commons-exec\1.3\commons-exec-1.3.jar;C:\Users\Administrator\.m2\repository\com\google\guava\guava\25.0-jre\guava-25.0-jre.jar;C:\Users\Administrator\.m2\repository\com\google\code\findbugs\jsr305\1.3.9\jsr305-1.3.9.jar;C:\Users\Administrator\.m2\repository\org\checkerframework\checker-compat-qual\2.0.0\checker-compat-qual-2.0.0.jar;C:\Users\Administrator\.m2\repository\com\google\errorprone\error_prone_annotations\2.1.3\error_prone_annotations-2.1.3.jar;C:\Users\Administrator\.m2\repository\com\google\j2objc\j2objc-annotations\1.1\j2objc-annotations-1.1.jar;C:\Users\Administrator\.m2\repository\org\codehaus\mojo\animal-sniffer-annotations\1.14\animal-sniffer-annotations-1.14.jar;C:\Users\Administrator\.m2\repository\com\squareup\okhttp3\okhttp\3.11.0\okhttp-3.11.0.jar;C:\Users\Administrator\.m2\repository\com\squareup\okio\okio\1.14.0\okio-1.14.0.jar;C:\Users\Administrator\.m2\repository\org\seleniumhq\selenium\selenium-edge-driver\3.141.59\selenium-edge-driver-3.141.59.jar;C:\Users\Administrator\.m2\repository\org\seleniumhq\selenium\selenium-firefox
Launcher Type: SUN_STANDARD

[Global flags]
     intx CICompilerCount                          = 3                                         {product} {ergonomic}
     uint ConcGCThreads                            = 1                                         {product} {ergonomic}
     uint G1ConcRefinementThreads                  = 4                                         {product} {ergonomic}
   size_t G1HeapRegionSize                         = 1048576                                   {product} {ergonomic}
    uintx GCDrainStackTargetSize                   = 64                                        {product} {ergonomic}
   size_t InitialHeapSize                          = 134217728                                 {product} {ergonomic}
   size_t MarkStackSize                            = 4194304                                   {product} {ergonomic}
   size_t MaxHeapSize                              = 2147483648                                {product} {ergonomic}
   size_t MaxNewSize                               = 1287651328                                {product} {ergonomic}
   size_t MinHeapDeltaBytes                        = 1048576                                   {product} {ergonomic}
   size_t MinHeapSize                              = 8388608                                   {product} {ergonomic}
    uintx NonNMethodCodeHeapSize                   = 5832780                                {pd product} {ergonomic}
    uintx NonProfiledCodeHeapSize                  = 122912730                              {pd product} {ergonomic}
    uintx ProfiledCodeHeapSize                     = 122912730                              {pd product} {ergonomic}
    uintx ReservedCodeCacheSize                    = 251658240                              {pd product} {ergonomic}
     bool SegmentedCodeCache                       = true                                      {product} {ergonomic}
     bool ShowCodeDetailsInExceptionMessages       = true                                   {manageable} {command line}
   size_t SoftMaxHeapSize                          = 2147483648                             {manageable} {ergonomic}
     bool UseCompressedClassPointers               = true                           {product lp64_product} {ergonomic}
     bool UseCompressedOops                        = true                           {product lp64_product} {ergonomic}
     bool UseG1GC                                  = true                                      {product} {ergonomic}
     bool UseLargePagesIndividualAllocation        = false                                  {pd product} {ergonomic}

Logging:
Log output configuration:
 #0: stdout all=warning uptime,level,tags
 #1: stderr all=off uptime,level,tags

Environment Variables:
JAVA_HOME=C:\Program Files\Java\jdk-17
PATH=C:/SmartPolicyProject/AutomationSupport/eclipse//plugins/org.eclipse.justj.openjdk.hotspot.jre.full.win32.x86_64_17.0.10.v20240120-1143/jre/bin/server;C:/SmartPolicyProject/AutomationSupport/eclipse//plugins/org.eclipse.justj.openjdk.hotspot.jre.full.win32.x86_64_17.0.10.v20240120-1143/jre/bin;C:\Program Files\Common Files\Oracle\Java\javapath;C:\app\Administrator\product\11.2.0\client_1;C:\app\Administrator\product\11.2.0\client_1\bin;C:\Windows\system32;C:\Windows;C:\Windows\System32\Wbem;C:\Windows\System32\WindowsPowerShell\v1.0\;C:\Windows\System32\OpenSSH\;C:\composer;C:\php;C:\php\php-8.1.17-nts-Win32-vs16-x64;C:\Program Files\Java\jdk-17\bin;C:\SmartPolicyProject\AutomationSupport\apache-maven-3.9.6\bin;C:\Program Files\Git\cmd;C:\allure-2.32.0\bin;C:\Users\Administrator\AppData\Local\Microsoft\WindowsApps;C:\Users\Administrator\AppData\Roaming\Composer\vendor\bin;C:\php;C:\allure-2.32.0\bin;;C:\SmartPolicyProject\AutomationSupport\eclipse;
USERNAME=Administrator
OS=Windows_NT
PROCESSOR_IDENTIFIER=Intel64 Family 6 Model 85 Stepping 4, GenuineIntel
TMP=C:\Users\ADMINI~1\AppData\Local\Temp\2
TEMP=C:\Users\ADMINI~1\AppData\Local\Temp\2



Periodic native trim disabled


---------------  S Y S T E M  ---------------

OS:
 Windows Server 2019 , 64 bit Build 17763 (10.0.17763.4974)
OS uptime: 21 days 2:24 hours
Hyper-V virtualization detected

CPU: total 4 (initial active 4) (2 cores per cpu, 2 threads per core) family 6 model 85 stepping 4 microcode 0xffffffff, cx8, cmov, fxsr, ht, mmx, 3dnowpref, sse, sse2, sse3, ssse3, sse4.1, sse4.2, popcnt, lzcnt, tsc, avx, avx2, aes, erms, clmul, bmi1, bmi2, rtm, adx, fma, vzeroupper, clflush, clflushopt, clwb, hv
Processor Information for all 4 processors :
  Max Mhz: 2095, Current Mhz: 2095, Mhz Limit: 2095

Memory: 4k page, system-wide physical 8191M (490M free)
TotalPageFile size 20949M (AvailPageFile size 4M)
current process WorkingSet (physical memory assigned to process): 234M, peak: 244M
current process commit charge ("private bytes"): 256M, peak: 268M

vm_info: OpenJDK 64-Bit Server VM (17.0.10+7) for windows-amd64 JRE (17.0.10+7), built on Jan 16 2024 23:25:11 by "admin" with MS VC++ 16.10 / 16.11 (VS2019)

END.
